2026-07-07T11:47:01.419Z [RTM] [32minfo[39m: Skipping network creation. Observe that all external IO operations will yield a runtime error.
42@<alice;#root-integrity>%<alice;#root-integrity>
"number"@<alice;#root-integrity>%{}
>>> Main thread finished with value: ()@<alice;#root-integrity>%<alice;#root-integrity>
