2021-06-12T12:09:11.305Z [RTM] [32minfo[39m: Skipping network creation. Observe that all external IO operations will yield a runtime error.
[31mPID:49179ff3-2f32-4565-b687-304e59a4dfa0@{}%{}    [39m [31mPC:{}               [39m [31mBL:{}               [39m [31mHNNORMAL            [39m [31m_sp:23              [39m 
false@{}%{}
>>> Main thread finished with value: ()@{}%{}
