2020-03-16T16:24:57.321Z [RTM] [32minfo[39m: Skipping network creation. Observe that all external IO operations will yield a runtime error.
42
[31mPID:a72b06a0-4f0f-42e8-a1d0-5307002b9a7e@{}%{}    [39m [31mPC:{}               [39m [31mBL:{alice,bob}      [39m [31mHNNORMAL            [39m 
>>> Main thread finished with value: ()@{alice,bob}%{alice,bob}
