2020-02-09T01:34:44.310Z [RTM] [32minfo[39m: Skipping network creation. Observe that all external IO operations will yield a runtime error.
42
[31mPID:b7c4ba09-3ea4-475b-b777-7eabf978e128@{}%{}    [39m [31mPC:{}               [39m [31mBL:{alice}          [39m 
>>> Main thread finished with value: ()@{alice}%{alice}
