2019-03-07T14:26:48.447Z [RTM] [32minfo[39m: Skipping network creation. Observe that all external IO operations will yield a runtime error.
52@{alice,bob,charlie}%{charlie}
53@{alice,bob,charlie,dorothy}%{charlie,dorothy}
>>> Main thread finished with value: ()@{dorothy,charlie}%{dorothy,charlie}
