2019-03-07T19:02:13.843Z [RTM] [32minfo[39m: Skipping network creation. Observe that all external IO operations will yield a runtime error.
The result of toString is (42, 11)
Observe how the PC-level and blocking-level are now tainted because of the string concatenation (and the usage of printString) above
>>> Main thread finished with value: ()@{}%{}
