2026-08-02T11:03:13.420Z [RTM] info: Skipping network creation. Observe that all network operations will yield a runtime error.
Runtime error in thread b8634417-5bf8-4396-afec-5c52e1b91160@{}%{}

  6 | Announce.announce "hello"
    |         ^

>> print is unavailable under the capability stdio model
 | this model's print is the wrapper the compiler injects into a program, and
 |   this call is outside one: module or library code, or a program
 |   compiled with --stdio-model=ifc
 | run with --stdio-model=ifc, or name a descriptor: fwrite (stdout authority, toString x)
>> at tests/rt/neg/stdio-ambient/module-print-under-capability.trp:6:9
