2026-07-31T16:08:54.967Z [RTM] [32minfo[39m: Skipping network creation. Observe that all network operations will yield a runtime error.
Runtime error in thread 4fcc3b93-6629-40eb-af5c-e552891fb0db@{}%{}

  6 |     val line = if secret > 0 then freadln fd else ""
    |                                   ^

>> read from stdin above the stdio channel level
 | effect level  {alice}
 | pc level      {alice}
 | channel level {#ROOT}
>> at tests/rt/neg/stdio-ifc/ifc-freadln-raised-pc.trp:6:35
