2026-07-31T16:09:00.747Z [RTM] info: Skipping network creation. Observe that all network operations will yield a runtime error.
Runtime error in thread e470854f-61e2-428e-997f-9e00d673c564@{}%{}

  5 | in stdout botAuth
    |    ^

>> Not sufficient authority for stdOut
 | Provided authority level {}
 | Required authority level {#ROOT}
>> at tests/rt/neg/stdio-ifc/ifc-capability-refuses-bot-authority.trp:5:4
