2026-08-03T09:01:30.971Z [RTM] [32minfo[39m: Skipping network creation. Observe that all network operations will yield a runtime error.
Warning: runtime exception in the handler or sandbox: invalid handler state in print -- side effects are prohbited in handler pattern matching or sandboxed code
>>> Main thread finished with value: 0@{}%{}
