2021-08-09T20:19:08.663Z [RTM] [32minfo[39m: Skipping network creation. Observe that all external IO operations will yield a runtime error.
[33mWarning: runtime exception in the handler or sandbox: invalid handler state in fprintln -- side effects are prohbited in handler pattern matching or sandboxed code[39m
>>> Main thread finished with value: 0@{}%{}
