2026-08-09T12:21:55.274Z [RTM] [32minfo[39m: Skipping network creation. Observe that all network operations will yield a runtime error.
Runtime error in thread 1f9c14c9-a869-4848-93a2-9637845ecebe@{}%{}

  7 | print (writeFileBytes (authority, "oops.bin", "ok so far " ^ String.strCode 9731))
    |        ^

>> writeFileBytes: argument is not a byte string: character 10 is code unit 9731, above 255
>> at tests/rt/neg/simplefileio/write-bytes-not-bytes.trp:7:8
