2026-07-31T21:07:11.905Z [RTM] [32minfo[39m: Skipping network creation. Observe that all network operations will yield a runtime error.
Runtime error in thread d8535871-18f5-4179-9142-bf673fb3d177@{}%{}

  5 | let val _ = trapSigterm (authority, 42)
    |             ^

>> value 42@{}%{} is not a process id
>> at tests/rt/pos/signals/trap-non-pid.trp:5:13
