2025-12-14T11:44:43.428Z [RTM] info: Skipping network creation. Observe that all external IO operations will yield a runtime error.
""
"Hash.hashString ''   = 0"
"Hash.hashString 'a'  = 97"
"Hash.hashString 'b'  = 98"
"Hash.hashString 'c'  = 99"
"Hash.hashString 'aa' = 12416"
"Hash.hashString 'ab' = 12417"
"Hash.hashString 'ba' = 12543"
"Hash.hashString 'bb' = 12544"
"Hash.hashString 'bc' = 12545"
"Hash.hashString 'cb' = 12671"
"Hash.hashString 'ac' = 12418"
"Hash.hashString 'ca' = 12670"
"Hash.hashString 'aslan'  = 1849028455"
"Hash.hashString 'ananas' = 1575332524"
"Hash.hashString 'banana' = 1193471461"
"Hash.hashString 'number' = 1275321609"
"Hash.hashString 'string' = 861139057"
"Hash.hashString 'list'   = 222933630"
"Hash.hashMultiplyShift -42 31   = 91423699"
"Hash.hashMultiplyShift -42 16   = 2790"
"Hash.hashMultiplyShift -1  31   = 820265763"
"Hash.hashMultiplyShift  0  31   = 0"
"Hash.hashMultiplyShift  1  -1   = 0"
"Hash.hashMultiplyShift  1   0   = 506952121"
"Hash.hashMultiplyShift  1   3   = 0"
"Hash.hashMultiplyShift  1   8   = 30"
"Hash.hashMultiplyShift  1  31   = 253476060"
"Hash.hashMultiplyShift  42  8   = 117"
"Hash.hashMultiplyShift  42  8.5 = 117"
"Hash.hashMultiplyShift  42 12   = 1873"
"Hash.hashMultiplyShift  42 31   = 982318125"
""
"Hash.hashInt -100 = 422197726"
"Hash.hashInt -11  = 432988806"
"Hash.hashInt -10  = 686464867"
"Hash.hashInt -7   = 373151224"
"Hash.hashInt -5   = 880103345"
"Hash.hashInt -3   = 313313642"
"Hash.hashInt -2   = 566789703"
"Hash.hashInt -1   = 820265763"
"Hash.hashInt  0   = 0"
"Hash.hashInt  1   = 253476060"
"Hash.hashInt  2   = 506952121"
"Hash.hashInt  3   = 760428181"
"Hash.hashInt  4   = 1013904242"
"Hash.hashInt  5   = 193638478"
"Hash.hashInt  6   = 447114539"
"Hash.hashInt  7   = 700590599"
"Hash.hashInt  8   = 954066660"
"Hash.hashInt  9   = 133800896"
"Hash.hashInt  10  = 387276957"
"Hash.hashInt  11  = 640753017"
"Hash.hashInt  13  = 73963314"
"Hash.hashInt  42  = 982318125"
"Hash.hashInt  63  = 936606275"
"Hash.hashInt  64  = 116340512"
"Hash.hashInt  100 = 651544098"
"Hash.hashInt  127 = 1052946787"
""
"Hash.hashNumber 1/4  = 99070721"
"Hash.hashNumber 1/3  = 515568638"
"Hash.hashNumber 1/2  = 780087"
"Hash.hashNumber   1  = 253476060"
"Hash.hashNumber 4/3  = 865664125"
"Hash.hashNumber 4/2  = 506952121"
"Hash.hashNumber 5/2  = 812345"
"Hash.hashNumber 21/2 = 101150854"
""
"Hash.hashList []      = 0"
"Hash.hashList [0]     = 2"
"Hash.hashList [1]     = 253476062"
"Hash.hashList [2]     = 506952123"
"Hash.hashList [0,1]   = 760428188"
"Hash.hashList [1,0]   = 253476068"
"Hash.hashList [0,2,1] = 1654657281"
"Hash.hashList [0,'']  = 11"
"Hash.hashList ['',0]  = 9"
"Hash.hashList [1,'a'] = 253476356"
""
"hash 0       = 0"
"hash 42      = 982318125"
"hash 21/2    = 101150854"
"hash 100     = 651544098"
"hash ''      = 0"
"hash 'a'     = 97"
"hash 'ba'    = 12543"
"hash [1,'a'] = 12543"
>>> Main thread finished with value: ()@{}%{}
