2026-03-04T10:18:05.912Z [RTM] [32minfo[39m: Skipping network creation. Observe that all external IO operations will yield a runtime error.

constants
============================================================
true
false
false
true
false
true
false
true
true
true
true
true
false
false
false
true

blockupto
============================================================
("pc", {}, "bl", {})
("pc", {}, "bl", {alice})

("pc", {}, "bl", {alice})
("pc", {}, "bl", {alice})

blockprotect
============================================================
("pc", {}, "bl", {alice})
("pc", {}, "bl", {alice})

invokeAtLevel, invokeAtLevel
============================================================
("pc", {}, "bl", {})
("pc", {alice}, "bl", {alice})
("pc", {}, "bl", {alice})

("pc", {}, "bl", {})
("pc", {alice}, "bl", {alice})
("pc", {}, "bl", {})

declassifyDeep, endorseDeep, downgradeDeep
============================================================
1@<alice;#root-integrity>%<alice;#root-integrity>
1@{}%{}
1@{}%{}
"secret!"@<alice;#root-integrity>%<alice;#root-integrity>
"secret!"@{}%{}
"secret!"@{}%{}
(1@<alice;#root-integrity>%<alice;#root-integrity>, 2@<alice;#root-integrity>%<alice;#root-integrity>)@<alice;#root-integrity>%<alice;#root-integrity>
(1@{}%{}, 2@{}%{})@{}%{}
(1@{}%{}, 2@{}%{})@{}%{}
((1@<alice;#root-integrity>%<alice;#root-integrity>, 2@<alice;#root-integrity>%<alice;#root-integrity>)@<alice;#root-integrity>%<alice;#root-integrity>, 3@<alice;#root-integrity>%<alice;#root-integrity>)@<alice;#root-integrity>%<alice;#root-integrity>
((1@{}%{}, 2@{}%{})@{}%{}, 3@{}%{})@{}%{}
((1@{}%{}, 2@{}%{})@{}%{}, 3@{}%{})@{}%{}
(1@{}%{}, (2@{}%{}, 3@{}%{})@{}%{})@{}%{}
(1@{}%{}, 2@{}%{}, 3@{}%{})@{}%{}
[1@{}%{}, 2@{}%{}, (3@{}%{}, 4@{}%{})@{}%{}, (5@{}%{}, [6@{}%{}]@{}%{})@{}%{}]@{}%{}

freadlnPini
============================================================
"Hello, Troupe!"@{#ROOT}%{}
("pc", {}, "bl", {})

freadlnAtLevel
============================================================
"Can I be declassified to {}, please?"@{}%{}
("pc", {}, "bl", {})
>>> Main thread finished with value: ()@{}%{}
