2026-08-04T09:10:54.977Z [RTM] [32minfo[39m: Skipping network creation. Observe that all network operations will yield a runtime error.

constants
============================================================
true
false
false
true
false
true
false
true
true
true
true
true
false
false
false
true

invokeAtLevel
============================================================
("pc", {}, "bl", {})
("pc", {alice}, "bl", {alice})
("pc", {}, "bl", {alice})


declassifyDeep, endorseDeep, downgradeDeep
============================================================
1@<alice;#root-integrity>%<alice;#root-integrity>
1@{}%{}
1@{}%{}
"secret!"@<alice;#root-integrity>%<alice;#root-integrity>
"secret!"@{}%{}
"secret!"@{}%{}
(1@<alice;#root-integrity>%<alice;#root-integrity>, 2@<alice;#root-integrity>%<alice;#root-integrity>)@<alice;#root-integrity>%<alice;#root-integrity>
(1@{}%{}, 2@{}%{})@{}%{}
(1@{}%{}, 2@{}%{})@{}%{}
((1@<alice;#root-integrity>%<alice;#root-integrity>, 2@<alice;#root-integrity>%<alice;#root-integrity>)@<alice;#root-integrity>%<alice;#root-integrity>, 3@<alice;#root-integrity>%<alice;#root-integrity>)@<alice;#root-integrity>%<alice;#root-integrity>
((1@{}%{}, 2@{}%{})@{}%{}, 3@{}%{})@{}%{}
((1@{}%{}, 2@{}%{})@{}%{}, 3@{}%{})@{}%{}
(1@{}%{}, (2@{}%{}, 3@{}%{})@{}%{})@{}%{}
(1@{}%{}, 2@{}%{}, 3@{}%{})@{}%{}
[1@{}%{}, 2@{}%{}, (3@{}%{}, 4@{}%{})@{}%{}, (5@{}%{}, [6@{}%{}]@{}%{})@{}%{}]@{}%{}
>>> Main thread finished with value: ()@{bob}%{bob}
