2025-09-04T14:56:32.968Z [RTM] [32minfo[39m: Skipping network creation. Observe that all external IO operations will yield a runtime error.
[34mbegin [0mStencilVector
  [34mbegin [0mmaskBits
      [33m[ TEST ][0m it is a number      [32m[ PASS ][0m it is a number
  [34mend [0m
  [34mbegin [0mmaskMax
      [33m[ TEST ][0m it is a number      [32m[ PASS ][0m it is a number
      [33m[ TEST ][0m it is 2^{maskBits} - 1      [32m[ PASS ][0m it is 2^{maskBits} - 1
  [34mend [0m
  [34mbegin [0mempty
      [33m[ TEST ][0m it has no members      [32m[ PASS ][0m it has no members
      [33m[ TEST ][0m it provides default with getOrDefault [0]      [32m[ PASS ][0m it provides default with getOrDefault [0]
      [33m[ TEST ][0m it provides default with getOrDefault [1]      [32m[ PASS ][0m it provides default with getOrDefault [1]
      [33m[ TEST ][0m it is valid      [32m[ PASS ][0m it is valid
      [33m[ TEST ][0m it is null      [32m[ PASS ][0m it is null
      [33m[ TEST ][0m it has 0 as its mask      [32m[ PASS ][0m it has 0 as its mask
      [33m[ TEST ][0m it has length 0      [32m[ PASS ][0m it has length 0
  [34mend [0m
  [34mbegin [0mset (empty) 0 42
      [33m[ TEST ][0m it has a member at [0]      [32m[ PASS ][0m it has a member at [0]
      [33m[ TEST ][0m it provides value with get [0]      [32m[ PASS ][0m it provides value with get [0]
      [33m[ TEST ][0m it provides value with getOrDefault [0]      [32m[ PASS ][0m it provides value with getOrDefault [0]
      [33m[ TEST ][0m it has no other members      [32m[ PASS ][0m it has no other members
      [33m[ TEST ][0m it provides default with getOrDefault [1]      [32m[ PASS ][0m it provides default with getOrDefault [1]
      [33m[ TEST ][0m it is valid      [32m[ PASS ][0m it is valid
      [33m[ TEST ][0m it is not null      [32m[ PASS ][0m it is not null
      [33m[ TEST ][0m it has 1 as its mask      [32m[ PASS ][0m it has 1 as its mask
      [33m[ TEST ][0m it has length 1      [32m[ PASS ][0m it has length 1
  [34mend [0m
  [34mbegin [0mset (empty) 1 'a'
      [33m[ TEST ][0m it has a member at [1]      [32m[ PASS ][0m it has a member at [1]
      [33m[ TEST ][0m it provides value with get [1]      [32m[ PASS ][0m it provides value with get [1]
      [33m[ TEST ][0m it provides value with getOrDefault [1]      [32m[ PASS ][0m it provides value with getOrDefault [1]
      [33m[ TEST ][0m it has no other members      [32m[ PASS ][0m it has no other members
      [33m[ TEST ][0m it provides default with getOrDefault [0]      [32m[ PASS ][0m it provides default with getOrDefault [0]
      [33m[ TEST ][0m it is valid      [32m[ PASS ][0m it is valid
      [33m[ TEST ][0m it is not null      [32m[ PASS ][0m it is not null
      [33m[ TEST ][0m it has 2 as its mask      [32m[ PASS ][0m it has 2 as its mask
      [33m[ TEST ][0m it has length 1      [32m[ PASS ][0m it has length 1
  [34mend [0m
  [34mbegin [0mset (empty) 31 []
      [33m[ TEST ][0m it has a member at [31]      [32m[ PASS ][0m it has a member at [31]
      [33m[ TEST ][0m it provides value with get [31]      [32m[ PASS ][0m it provides value with get [31]
      [33m[ TEST ][0m it provides value with getOrDefault [31]      [32m[ PASS ][0m it provides value with getOrDefault [31]
      [33m[ TEST ][0m it has no other members      [32m[ PASS ][0m it has no other members
      [33m[ TEST ][0m it provides default with getOrDefault [0]      [32m[ PASS ][0m it provides default with getOrDefault [0]
      [33m[ TEST ][0m it is valid      [32m[ PASS ][0m it is valid
      [33m[ TEST ][0m it is not null      [32m[ PASS ][0m it is not null
      [33m[ TEST ][0m it has (-)2147483648 as its mask      [32m[ PASS ][0m it has (-)2147483648 as its mask
      [33m[ TEST ][0m it has length 1      [32m[ PASS ][0m it has length 1
  [34mend [0m
  [34mbegin [0msingleton 2 42
      [33m[ TEST ][0m it is equivalent to (set (empty) 2 42)      [32m[ PASS ][0m it is equivalent to (set (empty) 2 42)
  [34mend [0m
  [34mbegin [0msingleton 4 'b'
      [33m[ TEST ][0m it is equivalent to (set (empty) 4 'b')      [32m[ PASS ][0m it is equivalent to (set (empty) 4 'b')
  [34mend [0m
  [34mbegin [0mset (singleton 0 (0,21)) 1 (1,42)
      [33m[ TEST ][0m it has a member at [0]      [32m[ PASS ][0m it has a member at [0]
      [33m[ TEST ][0m it provides value with get [0]      [32m[ PASS ][0m it provides value with get [0]
      [33m[ TEST ][0m it provides value with getOrDefault [0]      [32m[ PASS ][0m it provides value with getOrDefault [0]
      [33m[ TEST ][0m it has a member at [1]      [32m[ PASS ][0m it has a member at [1]
      [33m[ TEST ][0m it provides value with get [1]      [32m[ PASS ][0m it provides value with get [1]
      [33m[ TEST ][0m it provides value with getOrDefault [1]      [32m[ PASS ][0m it provides value with getOrDefault [1]
      [33m[ TEST ][0m it has no other members      [32m[ PASS ][0m it has no other members
      [33m[ TEST ][0m it provides default with getOrDefault [2]      [32m[ PASS ][0m it provides default with getOrDefault [2]
      [33m[ TEST ][0m it provides default with getOrDefault [4]      [32m[ PASS ][0m it provides default with getOrDefault [4]
      [33m[ TEST ][0m it is valid      [32m[ PASS ][0m it is valid
      [33m[ TEST ][0m it is not null      [32m[ PASS ][0m it is not null
      [33m[ TEST ][0m it has 3 as its mask      [32m[ PASS ][0m it has 3 as its mask
      [33m[ TEST ][0m it has length 2      [32m[ PASS ][0m it has length 2
  [34mend [0m
  [34mbegin [0mset (singleton 1 (1,42)) 0 (0,21)
      [33m[ TEST ][0m it has a member at [0]      [32m[ PASS ][0m it has a member at [0]
      [33m[ TEST ][0m it provides value with get [0]      [32m[ PASS ][0m it provides value with get [0]
      [33m[ TEST ][0m it provides value with getOrDefault [0]      [32m[ PASS ][0m it provides value with getOrDefault [0]
      [33m[ TEST ][0m it has a member at [1]      [32m[ PASS ][0m it has a member at [1]
      [33m[ TEST ][0m it provides value with get [1]      [32m[ PASS ][0m it provides value with get [1]
      [33m[ TEST ][0m it provides value with getOrDefault [1]      [32m[ PASS ][0m it provides value with getOrDefault [1]
      [33m[ TEST ][0m it has no other members      [32m[ PASS ][0m it has no other members
      [33m[ TEST ][0m it provides default with getOrDefault [2]      [32m[ PASS ][0m it provides default with getOrDefault [2]
      [33m[ TEST ][0m it provides default with getOrDefault [4]      [32m[ PASS ][0m it provides default with getOrDefault [4]
      [33m[ TEST ][0m it is valid      [32m[ PASS ][0m it is valid
      [33m[ TEST ][0m it is not null      [32m[ PASS ][0m it is not null
      [33m[ TEST ][0m it has 3 as its mask      [32m[ PASS ][0m it has 3 as its mask
      [33m[ TEST ][0m it has length 2      [32m[ PASS ][0m it has length 2
  [34mend [0m
  [34mbegin [0mset (set (singleton 0 (0,true)) 1 (1,42)) 0 (0,false)
      [33m[ TEST ][0m it has a member at [0]      [32m[ PASS ][0m it has a member at [0]
      [33m[ TEST ][0m it provides value with get [0]      [32m[ PASS ][0m it provides value with get [0]
      [33m[ TEST ][0m it provides value with getOrDefault [0]      [32m[ PASS ][0m it provides value with getOrDefault [0]
      [33m[ TEST ][0m it has a member at [1]      [32m[ PASS ][0m it has a member at [1]
      [33m[ TEST ][0m it provides value with get [1]      [32m[ PASS ][0m it provides value with get [1]
      [33m[ TEST ][0m it provides value with getOrDefault [1]      [32m[ PASS ][0m it provides value with getOrDefault [1]
      [33m[ TEST ][0m it has no other members      [32m[ PASS ][0m it has no other members
      [33m[ TEST ][0m it provides default with getOrDefault [2]      [32m[ PASS ][0m it provides default with getOrDefault [2]
      [33m[ TEST ][0m it provides default with getOrDefault [4]      [32m[ PASS ][0m it provides default with getOrDefault [4]
      [33m[ TEST ][0m it is valid      [32m[ PASS ][0m it is valid
      [33m[ TEST ][0m it is not null      [32m[ PASS ][0m it is not null
      [33m[ TEST ][0m it has 3 as its mask      [32m[ PASS ][0m it has 3 as its mask
      [33m[ TEST ][0m it has length 2      [32m[ PASS ][0m it has length 2
  [34mend [0m
  [34mbegin [0mset (singleton 1 42) 3 21
      [33m[ TEST ][0m it has a member at [1]      [32m[ PASS ][0m it has a member at [1]
      [33m[ TEST ][0m it provides value with get [1]      [32m[ PASS ][0m it provides value with get [1]
      [33m[ TEST ][0m it provides value with getOrDefault [1]      [32m[ PASS ][0m it provides value with getOrDefault [1]
      [33m[ TEST ][0m it has a member at [3]      [32m[ PASS ][0m it has a member at [3]
      [33m[ TEST ][0m it provides value with get [3]      [32m[ PASS ][0m it provides value with get [3]
      [33m[ TEST ][0m it provides value with getOrDefault [1]      [32m[ PASS ][0m it provides value with getOrDefault [1]
      [33m[ TEST ][0m it has no other members      [32m[ PASS ][0m it has no other members
      [33m[ TEST ][0m it provides default with getOrDefault [2]      [32m[ PASS ][0m it provides default with getOrDefault [2]
      [33m[ TEST ][0m it provides default with getOrDefault [4]      [32m[ PASS ][0m it provides default with getOrDefault [4]
      [33m[ TEST ][0m it is valid      [32m[ PASS ][0m it is valid
      [33m[ TEST ][0m it is not null      [32m[ PASS ][0m it is not null
      [33m[ TEST ][0m it has 10 as its mask      [32m[ PASS ][0m it has 10 as its mask
      [33m[ TEST ][0m it has length 2      [32m[ PASS ][0m it has length 2
  [34mend [0m
  [34mbegin [0mset (singleton 2 false) 2 true
      [33m[ TEST ][0m it has a member at [2]      [32m[ PASS ][0m it has a member at [2]
      [33m[ TEST ][0m it provides value with get [2]      [32m[ PASS ][0m it provides value with get [2]
      [33m[ TEST ][0m it has no other members      [32m[ PASS ][0m it has no other members
      [33m[ TEST ][0m it is valid      [32m[ PASS ][0m it is valid
      [33m[ TEST ][0m it is not null      [32m[ PASS ][0m it is not null
      [33m[ TEST ][0m it has 4 as its mask      [32m[ PASS ][0m it has 4 as its mask
      [33m[ TEST ][0m it has length 1      [32m[ PASS ][0m it has length 1
  [34mend [0m
  [34mbegin [0munset (singleton 7 42) 7
      [33m[ TEST ][0m it is equivalent to (empty)      [32m[ PASS ][0m it is equivalent to (empty)
  [34mend [0m
  [34mbegin [0munset (set (singleton 2 false) 4 true) 2
      [33m[ TEST ][0m it is equivalent to (singleton 2 false)      [32m[ PASS ][0m it is equivalent to (singleton 2 false)
      [33m[ TEST ][0m it provides value with getOrDefault [2]      [32m[ PASS ][0m it provides value with getOrDefault [2]
      [33m[ TEST ][0m it provides default with getOrDefault [4]      [32m[ PASS ][0m it provides default with getOrDefault [4]
  [34mend [0m
  [34mbegin [0munset (set (set (empty) 2 false) 4 true) 2
      [33m[ TEST ][0m it is equivalent to (singleton 4 true)      [32m[ PASS ][0m it is equivalent to (singleton 4 true)
      [33m[ TEST ][0m it provides default with getOrDefault [2]      [32m[ PASS ][0m it provides default with getOrDefault [2]
      [33m[ TEST ][0m it provides value with getOrDefault [4]      [32m[ PASS ][0m it provides value with getOrDefault [4]
  [34mend [0m
  [34mbegin [0mmap (+/- 1)
      [33m[ TEST ][0m it does nothing to (empty)      [32m[ PASS ][0m it does nothing to (empty)
      [33m[ TEST ][0m it can increment (singleton 2 0)      [32m[ PASS ][0m it can increment (singleton 2 0)
      [33m[ TEST ][0m it can increment (set (singleton 1 1) 3 2)      [32m[ PASS ][0m it can increment (set (singleton 1 1) 3 2)
      [33m[ TEST ][0m it can decrement (set (singleton 1 1) 3 2)      [32m[ PASS ][0m it can decrement (set (singleton 1 1) 3 2)
  [34mend [0m
  [34mbegin [0mfold (+)
      [33m[ TEST ][0m it returns initial value for (empty)      [32m[ PASS ][0m it returns initial value for (empty)
      [33m[ TEST ][0m it computes 42 for (singleton 4 42)      [32m[ PASS ][0m it computes 42 for (singleton 4 42)
      [33m[ TEST ][0m it computes 64 for (set (singleton 4 42) 2 21)      [32m[ PASS ][0m it computes 64 for (set (singleton 4 42) 2 21)
  [34mend [0m
[34mend [0m

Total:  112
Passes: 112
>>> Main thread finished with value: true@{}%{}
