2026-07-31T16:08:54.954Z [RTM] [32minfo[39m: Skipping network creation. Observe that all network operations will yield a runtime error.
Runtime error in thread fce4e388-6493-4936-bf37-3c9eb0cc615a@{}%{}

  4 | in print tainted
    |    ^

>> write to stdout above the stdio channel level
 | effect level  <#null-confidentiality;bob>
 | pc level      {}
 | channel level {alice}
>> at tests/rt/neg/stdio/alice-refuses-taint.trp:4:4
