2026-07-31T16:09:00.754Z [RTM] info: Skipping network creation. Observe that all network operations will yield a runtime error.
Runtime error in thread f4f67fe8-a9ed-46e5-bac7-f42f39b2c178@{}%{}

  4 | in print tainted
    |    ^

>> write to stdout above the stdio channel level
 | effect level  <#null-confidentiality;bob>
 | pc level      {}
 | channel level {alice}
>> at tests/rt/neg/stdio/alice-refuses-taint.trp:4:4
