2026-07-31T16:09:00.736Z [RTM] info: Skipping network creation. Observe that all network operations will yield a runtime error.
Runtime error in thread e17e6c6b-6c5f-44c9-afa7-25c8fef9e376@{}%{}

  6 |     val line = if secret > 0 then freadln fd else ""
    |                                   ^

>> read from stdin above the stdio channel level
 | effect level  {alice}
 | pc level      {alice}
 | channel level {#ROOT}
>> at tests/rt/neg/stdio/ifc-freadln-raised-pc.trp:6:35
