2026-07-31T16:08:55.773Z [RTM] [32minfo[39m: Skipping network creation. Observe that all network operations will yield a runtime error.
Runtime error in thread a06ba344-bdc0-43c9-8736-b845b91742aa@{}%{}

  4 | in print bobData
    |    ^

>> write to stdout above the stdio channel level
 | effect level  {bob}
 | pc level      {}
 | channel level {alice}
>> at tests/rt/neg/stdio/ifc-alice-refuses-bob.trp:4:4
