2026-07-31T16:09:01.653Z [RTM] info: Skipping network creation. Observe that all network operations will yield a runtime error.
Runtime error in thread f74e032c-6c84-4859-846e-5de1a3962be6@{}%{}

  4 | in print bobData
    |    ^

>> write to stdout above the stdio channel level
 | effect level  {bob}
 | pc level      {}
 | channel level {alice}
>> at tests/rt/neg/stdio/ifc-alice-refuses-bob.trp:4:4
