2026-08-09T17:05:45.915Z [RTM] info: Skipping network creation. Observe that all network operations will yield a runtime error.
Runtime error in thread 8e428b6d-865d-45ed-aaab-a21cfd4ed2b3@{}%{}

  8 |     val _ = if secret > 0 then ttyRawMode (fd, true) else ttyRawMode (fd, false)
    |                                ^

>> terminal raw-mode change above the stdio channel level
 | effect level  {alice}
 | pc level      {alice}
 | channel level {#ROOT}
>> at tests/rt/neg/stdio/rawmode-raised-pc.trp:8:32
