2023-03-17T21:23:24.439Z [RTM] [32minfo[39m: Skipping network creation. Observe that all external IO operations will yield a runtime error.
1@{}%{}
Runtime error in thread 840837b7-f995-4156-b05d-fb04c757c00d@{}%{}
>> Illegal flow in adv function:
 |    pc: {}
 | block: {secret}
 | value: 1@{}%{}
