2026-08-03T09:01:31.769Z [RTM] info: Skipping network creation. Observe that all network operations will yield a runtime error.
Runtime error in thread 936acef8-1761-4d14-9af8-9522f699dfd3@{}%{}

  1 | fwrite (stdout) 42
    | ^

>> value LocalObject@{}%{} is not a 2-tuple
>> at tests/rt/neg/core/fwrite.trp:1:1
