2026-02-18T10:50:25.260Z [RTM] [32minfo[39m: Skipping network creation. Observe that all external IO operations will yield a runtime error.
Runtime error in thread 1764d8c5-8a67-4562-9cb0-7f72ca7420de@{}%{}

  1 | `{alice}` lub "{bob}"
    |               ^

>> value "{bob}" is not a level
>> at tests/rt/neg/core/lub02.trp:1:15
