2026-07-30T17:29:39.648Z [RTM] info: Skipping network creation. Observe that all network operations will yield a runtime error.
Runtime error in thread 0b08a624-ab6f-4bf0-8566-5f5c44aaf2d5@{}%{}

  1 | strIndexOf (42, "World", 0)
    | ^

>> value 42@{}%{} is not a string
>> at tests/rt/neg/core/strindexof01.trp:1:1
