2026-07-30T17:29:31.669Z [RTM] [32minfo[39m: Skipping network creation. Observe that all network operations will yield a runtime error.
Runtime error in thread 66d2ee8c-85e2-4bc5-8f02-64173e32cd5e@{}%{}

  1 | strIndexOf ("Hello, World", 42, 0)
    | ^

>> value 42@{}%{} is not a string
>> at tests/rt/neg/core/strindexof02.trp:1:1
