2026-08-09T17:05:27.928Z [RTM] [32minfo[39m: Skipping network creation. Observe that all network operations will yield a runtime error.
Runtime error in thread c736893a-9096-4d98-916d-2c01d370056f@{}%{}

  4 | print (ttyIsTTY 42)
    |        ^

>> value 42@{}%{} is not a local object
>> at tests/rt/pos/tty/not-a-descriptor.trp:4:8
