2026-07-31T16:37:23.876Z [RTM] [32minfo[39m: Skipping network creation. Observe that all network operations will yield a runtime error.
Runtime error in thread 5a5852e6-ede9-42dd-bcd2-a2b6f50067ce@{}%{}

  2 | print (ttyIsTTY 42)
    |        ^

>> value 42@{}%{} is not a local object
>> at tests/rt/pos/tty/not-a-descriptor.trp:2:8
