2026-08-09T17:05:41.797Z [RTM] info: Skipping network creation. Observe that all network operations will yield a runtime error.
Runtime error in thread f4e1c475-ce5d-44cb-9541-d471fa9c2752@{}%{}

  8 | in print (ttyRawMode (o, true))
    |           ^

>> value LocalObject is not an input descriptor
>> at tests/rt/pos/tty/rawmode-on-output-descriptor.trp:8:11
