2026-08-09T17:05:27.937Z [RTM] [32minfo[39m: Skipping network creation. Observe that all network operations will yield a runtime error.
Runtime error in thread 2b3f8832-cb66-47d3-9b17-6f3327535da1@{}%{}

  8 | in print (ttyRawMode (o, true))
    |           ^

>> value LocalObject is not an input descriptor
>> at tests/rt/pos/tty/rawmode-on-output-descriptor.trp:8:11
