2026-07-31T16:56:49.001Z [RTM] [32minfo[39m: Skipping network creation. Observe that all network operations will yield a runtime error.
Runtime error in thread d0ef3b42-0b91-46a1-9f1a-b48edacea205@{}%{}

  6 | in print (ttyRawMode (o, true))
    |           ^

>> value LocalObject is not an input descriptor
>> at tests/rt/pos/tty/rawmode-on-output-descriptor.trp:6:11
