2026-08-09T17:05:27.928Z [RTM] [32minfo[39m: Skipping network creation. Observe that all network operations will yield a runtime error.
Runtime error in thread 64e5b250-6792-40f2-9bdb-1d8a3d98a36e@{}%{}

  8 | in print (ttySize i)
    |           ^

>> value LocalObject is not an output descriptor
>> at tests/rt/pos/tty/size-on-input-descriptor.trp:8:11
