2026-07-31T16:37:29.425Z [RTM] info: Skipping network creation. Observe that all network operations will yield a runtime error.
Runtime error in thread d9fc067a-66ed-4a40-8e5f-468e02f77520@{}%{}

  6 | in print (ttySize i)
    |           ^

>> value LocalObject is not an output descriptor
>> at tests/rt/pos/tty/size-on-input-descriptor.trp:6:11
