2026-08-09T17:05:27.915Z [RTM] [32minfo[39m: Skipping network creation. Observe that all network operations will yield a runtime error.
Runtime error in thread d14a899b-f777-467c-9083-4fb2c6823467@{}%{}

  9 |     val _ = ttySubscribe (i, 42)
    |             ^

>> value 42@{}%{} is not a process id
>> at tests/rt/pos/tty/subscribe-non-pid.trp:9:13
