2026-08-09T17:05:41.845Z [RTM] info: Skipping network creation. Observe that all network operations will yield a runtime error.
Runtime error in thread d9208e4f-8791-4e02-91b1-2f81eed13249@{}%{}

  9 |     val _ = ttySubscribe (i, 42)
    |             ^

>> value 42@{}%{} is not a process id
>> at tests/rt/pos/tty/subscribe-non-pid.trp:9:13
