2026-07-29T14:05:19.807Z [RTM] [32minfo[39m: Skipping network creation. Observe that all network operations will yield a runtime error.
[34mbegin [0mcodec
  [34mbegin [0mgzip
      [33m[ TEST ][0m it every corpus member survives a round trip      [32m[ PASS ][0m it every corpus member survives a round trip
      [33m[ TEST ][0m it no corpus member fails      [32m[ PASS ][0m it no corpus member fails
      [33m[ TEST ][0m it the compressed form is a byte string      [32m[ PASS ][0m it the compressed form is a byte string
      [33m[ TEST ][0m it a run compresses to a fraction of its length      [32m[ PASS ][0m it a run compresses to a fraction of its length
      [33m[ TEST ][0m it compression is deterministic within one host      [32m[ PASS ][0m it compression is deterministic within one host
  [34mend [0m
  [34mbegin [0mbase64
      [33m[ TEST ][0m it every corpus member's compressed form survives a round trip      [32m[ PASS ][0m it every corpus member's compressed form survives a round trip
      [33m[ TEST ][0m it a known vector      [32m[ PASS ][0m it a known vector
      [33m[ TEST ][0m it the empty string      [32m[ PASS ][0m it the empty string
      [33m[ TEST ][0m it decoding ignores line breaks      [32m[ PASS ][0m it decoding ignores line breaks
  [34mend [0m
  [34mbegin [0mblob framing
    [34mbegin [0massembled and taken apart in Troupe
        [33m[ TEST ][0m it the identifier survives        [32m[ PASS ][0m it the identifier survives
        [33m[ TEST ][0m it the version byte survives        [32m[ PASS ][0m it the version byte survives
        [33m[ TEST ][0m it the document survives        [32m[ PASS ][0m it the document survives
    [34mend [0m
  [34mend [0m
  [34mbegin [0minformation flow
    [34mbegin [0ma labeled argument labels the result
        [33m[ TEST ][0m it gzip        [32m[ PASS ][0m it gzip
        [33m[ TEST ][0m it base64Encode        [32m[ PASS ][0m it base64Encode
        [33m[ TEST ][0m it the whole round trip returns the value with its label        [32m[ PASS ][0m it the whole round trip returns the value with its label
    [34mend [0m
      [33m[ TEST ][0m it a public argument stays public      [32m[ PASS ][0m it a public argument stays public
  [34mend [0m
[34mend [0m

Total:  16
Passes: 16
>>> Main thread finished with value: true@{alice}%{alice}
