2026-08-03T09:01:31.770Z [RTM] info: Skipping network creation. Observe that all network operations will yield a runtime error.
Runtime error in thread bfee4bea-b60e-4bb0-ad4b-51712be1c0d5@{}%{}

  1 | let val _ = freadln (stdout)
    |             ^

>> value LocalObject is not an input descriptor
>> at tests/rt/neg/stdio-errors/wrong-descriptor-freadln.trp:1:13
