2026-08-03T09:01:31.769Z [RTM] info: Skipping network creation. Observe that all network operations will yield a runtime error.
Runtime error in thread a95faa9f-33df-4320-af01-aa2776a543db@{}%{}

  1 | let val _ = fwrite (stdin, "x")
    |             ^

>> value LocalObject is not an output descriptor
>> at tests/rt/neg/stdio-errors/wrong-descriptor-fwrite.trp:1:13
