2026-08-03T09:01:30.974Z [RTM] [32minfo[39m: Skipping network creation. Observe that all network operations will yield a runtime error.
Runtime error in thread 5e6cdabb-5c08-4bab-a173-48429494e3f6@{}%{}

  1 | let val _ = freadln (stdout)
    |             ^

>> value LocalObject is not an input descriptor
>> at tests/rt/neg/stdio-errors/wrong-descriptor-freadln.trp:1:13
