2026-08-03T09:01:30.954Z [RTM] [32minfo[39m: Skipping network creation. Observe that all network operations will yield a runtime error.
Runtime error in thread 087390c5-7e78-4ba4-b202-7c37dfb2973b@{}%{}

  1 | let val _ = fwrite (stdin, "x")
    |             ^

>> value LocalObject is not an output descriptor
>> at tests/rt/neg/stdio-errors/wrong-descriptor-fwrite.trp:1:13
