2026-08-09T15:30:43.201Z [RTM] [32minfo[39m: Skipping network creation. Observe that all network operations will yield a runtime error.
PID:31377e4b-1a34-430d-88b4-16eb8b367823@{}%{}     PC:{}                BL:{}                HNNORMAL             
{tag="Ok", value=false}
>>> Main thread finished with value: ()@{}%{}
