2026-08-09T15:30:43.914Z [RTM] info: Skipping network creation. Observe that all network operations will yield a runtime error.
PID:c559cf10-ea49-41fa-ac4c-45a124b90b67@{}%{}     PC:{}                BL:{}                HNNORMAL             
{tag="Ok", value=false}
>>> Main thread finished with value: ()@{}%{}
