2026-06-20T00:24:42.238Z [RTM] [32minfo[39m: Skipping network creation. Observe that all external IO operations will yield a runtime error.
Runtime error in thread d1df6855-5db4-48b2-aa90-1635b1ac6889@{}%{}

  20 |     val _ = blockdeclto (aliceAuth, target)
     |             ^

>> The provided target level operand is tainted
 | the level of the target level operand: <bob;#root-integrity>
 | target blocking level: {}
>> at tests/rt/neg/ifc/blockdeclto_leak.trp:20:13
