2026-06-20T00:24:41.730Z [RTM] info: Skipping network creation. Observe that all external IO operations will yield a runtime error.
Runtime error in thread ac9df677-157c-4a29-8067-0d8422a362da@{}%{}

  20 |     val _ = blockdeclto (aliceAuth, target)
     |             ^

>> The provided target level operand is tainted
 | the level of the target level operand: <bob;#root-integrity>
 | target blocking level: {}
>> at tests/rt/neg/ifc/blockdeclto_leak.trp:20:13
