2023-03-17T21:23:23.471Z [RTM] [32minfo[39m: Skipping network creation. Observe that all external IO operations will yield a runtime error.
Runtime error in thread 48c25822-c647-44da-9ba9-2895fc8bf286@{}%{}
>> Not enough authority for declassification
 | level of the data: {alice,bob}
 | level of the authority: {alice}
 | target level of the declassification: {alice}
