2021-06-10T15:38:48.249Z [RTM] [32minfo[39m: Skipping network creation. Observe that all external IO operations will yield a runtime error.
[31mRuntime error in thread 526414ce-96da-4d59-88bb-71dd598cb759@{}%{}[39m
[31m>> Current blocking level does not flow to the target level of the declassification[39m
[31m | target level of the declassification: {}[39m
[31m | current blocking level: {alice}[39m
