2023-03-17T21:23:23.120Z [RTM] [32minfo[39m: Skipping network creation. Observe that all external IO operations will yield a runtime error.
Runtime error in thread 3e231e65-83b3-4ae4-a9a9-ea5759dd392e@{}%{}
>> Current blocking level does not flow to the target level of the declassification
 | target level of the declassification: {}
 | current blocking level: {alice}
