2023-03-17T21:23:24.058Z [RTM] [32minfo[39m: Skipping network creation. Observe that all external IO operations will yield a runtime error.
>>> Main thread finished with value: ()@{}%{}
Runtime error in thread a0113fa6-e13a-4ca0-975c-5ee8f425dbd0@{}%{}
>> Illegal flow in adv function:
 |    pc: {secret}
 | block: {secret}
 | value: 2@{secret}%{secret}
