2023-03-17T21:23:23.538Z [RTM] [32minfo[39m: Skipping network creation. Observe that all external IO operations will yield a runtime error.
>>> Main thread finished with value: ()@{secret}%{secret}
Runtime error in thread 196f8a5f-44de-43a2-bf0e-fee1e772f380@{}%{}
>> Illegal flow in adv function:
 |    pc: {}
 | block: {secret}
 | value: 22@{}%{}
