2023-03-17T21:22:15.432Z [RTM] [32minfo[39m: Skipping network creation. Observe that all external IO operations will yield a runtime error.
>>> Main thread finished with value: ()@{secret}%{secret}
"hi"@{}%{}
Runtime error in thread a3c26720-795c-46e9-abf2-d6bc8edf9de7@{}%{}
>> Illegal flow in adv function:
 |    pc: {}
 | block: {secret}
 | value: 100@{}%{}
