2023-03-17T21:23:24.158Z [RTM] [32minfo[39m: Skipping network creation. Observe that all external IO operations will yield a runtime error.
Runtime error in thread ddabd6cd-baf4-4771-bb92-893c8a3e4b4c@{}%{}
>> Illegal flow in adv function:
 |    pc: {}
 | block: {secret}
 | value: 0@{secret}%{secret}
