2026-08-06T09:51:36.115Z [RTM] [32minfo[39m: Skipping network creation. Observe that all network operations will yield a runtime error.
Runtime error in thread 2865e6bf-bd5c-4867-a2ed-f89bfa26f70c@{}%{}

  6 |     val _ = disableRangedReceive c1
    |             ^

>> disableRangedReceive must close the last enableRangedReceive first.
 | capability of the last enableRangedReceive : 408063c9-e6ed-45f6-b41b-5a26dbefb4a6
 | capability provided                        : 8c24ad0c-2465-4223-a525-e59e83e17b49
>> at tests/rt/neg/ifc/lclear-ill-scoped.trp:6:13
