2026-08-06T09:51:33.352Z [RTM] [32minfo[39m: Skipping network creation. Observe that all network operations will yield a runtime error.
false@{}%{}
Runtime error in thread 33928a71-57da-48d6-9ee1-872733ef35e6@{}%{}

  6 |     val () = disableRangedReceive c
    |              ^

>> disableRangedReceive cannot put the mailbox back to its earlier level with this authority.
 | level of the mailbox now     : <alice;#root-integrity>
 | earlier level of the mailbox : {}
 | level of the authority       : <bob;#root-integrity>
>> at tests/rt/neg/ifc/lclear-wrongauth.trp:6:14
