2020-02-09T02:49:17.954Z [RTM] [32minfo[39m: Skipping network creation. Observe that all external IO operations will yield a runtime error.
[31mRuntime error in thread 604cb654-efff-40ae-b86e-383da1e60204@{}%{}[39m
[31m>> Insufficient authority for lowering the mailbox clearance[39m
[31m| authority provided: !{alice}[39m
[31m| current level of the mailbox: {bob,alice}[39m
[31m| target level of the mailbox: {alice}[39m
