2023-03-17T21:23:24.103Z [RTM] [32minfo[39m: Skipping network creation. Observe that all external IO operations will yield a runtime error.
Runtime error in thread f823c373-94ff-47bc-9c3d-d5857923eca0@{}%{}
>> Not enough mailbox clearance for this receive
 | receive lower bound: {}
 | receive upper bound: {}
 | pc level           : {alice}
 | mailbox clearance  : {}
