2026-08-06T09:51:36.913Z [RTM] [32minfo[39m: Skipping network creation. Observe that all network operations will yield a runtime error.
Runtime error in thread [main]bfcccffe-5780-47c9-b23c-83d55450ed54@{}%{}

  11 |       val _ = disableRangedReceive c
     |               ^

>> The pc at the disableRangedReceive must flow to the lower bound of the enableRangedReceive.
 | pc level at the disableRangedReceive   : {secret}
 | lower bound of the enableRangedReceive : {}
 | level of the capability                : {secret}
>> at tests/rt/neg/ifc/lclear-indirect-high-raise.trp:11:15
