2023-03-17T21:23:23.735Z [RTM] [32minfo[39m: Skipping network creation. Observe that all external IO operations will yield a runtime error.
Runtime error in thread ccc08124-ee11-4eaa-a85a-00677ef16d20@{}%{}
>> Ill-scoped raise/lower of mailbox clearance:
expected cap: 48ec5c7a-84d3-45c5-89f0-ae214966a94c
provided cap: ed62b711-fe5e-41da-95ef-c1c47ab71025
