2026-08-06T09:51:32.771Z [RTM] [32minfo[39m: Skipping network creation. Observe that all network operations will yield a runtime error.
Runtime error in thread d2417741-4f74-4f97-aea1-f200cea488db@{}%{}

  5 |         then disableRangedReceive c
    |              ^

>> The pc at the disableRangedReceive must flow to the pc at the enableRangedReceive.
 | pc level at the disableRangedReceive : {alice}
 | pc level at the enableRangedReceive  : {}
 | level of the capability              : {}
>> at tests/rt/neg/ifc/lclear-implicit-lower.trp:5:14
