2026-07-31T08:17:00.345Z [RTM] [32minfo[39m: Skipping network creation. Observe that all network operations will yield a runtime error.
Runtime error in thread 7328f05d-db62-48bc-9db5-725106f460c8@{}%{}

  10 |         then rcvp (`{}`, [hn x => x]) 
     |              ^

>> Ranged-receive consume occurrence check failed: whether the removal fires depends on data above the receive clearance
 | receive lower bound (floor): {}
 | receive clearance          : {}
 | occurrence level (occ)     : {alice}
 | pc level                   : {alice}
>> at tests/rt/neg/ifc/lclear-implicit-receive.trp:10:14
