2026-08-06T09:54:18.058Z [RTM] info: Skipping network creation. Observe that all network operations will yield a runtime error.
Runtime error in thread 0d91a6a2-2a10-4cc4-9e4f-7c75cfb7ebe0@{}%{}

  4 | consume (0,`{}`, `{alice}`) 
    | ^

>> The upper bound of this receive or consume does not flow to the level it can read.
 | upper bound of the receive or consume : {alice}
 | level the receive or consume can read : {}
 | level of the message index            : {}
>> at tests/rt/neg/ifc/lclear-implicit-range.trp:4:1
