2023-03-17T21:23:23.690Z [RTM] [32minfo[39m: Skipping network creation. Observe that all external IO operations will yield a runtime error.
Runtime error in thread 7ed76dc1-d5b4-4c01-8cd1-6422c3c112c7@{}%{}
>> Insufficient authority for lowering the mailbox clearance
| authority provided: !{alice}
| current level of the mailbox: {alice,bob}
| target level of the mailbox: {alice}
