2023-03-17T21:23:23.735Z [RTM] [32minfo[39m: Skipping network creation. Observe that all external IO operations will yield a runtime error.
Runtime error in thread 8be6b8e3-55a1-4b4a-b0e2-0f4c7193c9e5@{}%{}
>> Not enough mailbox clearance for this receive
 | receive lower bound: {}
 | receive upper bound: {alice}
 | pc level           : {}
 | mailbox clearance  : {}
