2026-07-31T08:17:00.347Z [RTM] [32minfo[39m: Skipping network creation. Observe that all network operations will yield a runtime error.
Runtime error in thread 57fa36e1-349f-4650-8c03-890b57e93de0@{}%{}

  4 | consume (0,`{}`, `{alice}`) 
    | ^

>> Not enough mailbox clearance for this receive
 | receive lower bound   : {}
 | receive upper bound   : {alice}
 | index label           : {}
 | active ceiling (Delta): {}
 | mailbox clearance     : {}
>> at tests/rt/neg/ifc/lclear-implicit-range.trp:4:1
