2021-05-13T18:21:56.845Z [RTM] [32minfo[39m: Skipping network creation. Observe that all external IO operations will yield a runtime error.
[31mRuntime error in thread aabcda24-9c54-4e00-809b-cb7f1dd69f27@{}%{}[39m
[31m>> Mailbox clearance label is not restorted after being raised in a branch; stack depth = 11[39m
