2023-03-17T21:23:23.433Z [RTM] [32minfo[39m: Skipping network creation. Observe that all external IO operations will yield a runtime error.
>>> Main thread finished with value: (6a126aef-158f-41f6-a33e-216ff07ad8fc@{}%{}, 834aa8b7-e3ef-46c7-9258-65e563c896d6@{}%{})@{}%{}
PID:6a126aef-158f-41f6-a33e-216ff07ad8fc@{}%{}     PC:{}                BL:{alice,bob}       HNNORMAL             _sp:20               
PID:6a126aef-158f-41f6-a33e-216ff07ad8fc@{}%{}     PC:{}                BL:{alice}           HNNORMAL             _sp:20               
PID:6a126aef-158f-41f6-a33e-216ff07ad8fc@{}%{}     PC:{}                BL:{alice,bob}       HNNORMAL             _sp:20               
Runtime error in thread 6a126aef-158f-41f6-a33e-216ff07ad8fc@{}%{}
>> Illegal flow in adv function:
 |    pc: {}
 | block: {alice,bob}
 | l_adv: {alice}@{}%{} 
 | value: ()@{}%{}
