2023-03-17T21:23:23.215Z [RTM] [32minfo[39m: Skipping network creation. Observe that all external IO operations will yield a runtime error.
Runtime error in thread 1adc9afe-cbab-443a-8110-d81080eb39cd@{}%{}
>> Insufficient authority for lowering the mailbox clearance
| authority provided: !{bob}
| current level of the mailbox: {alice}
| target level of the mailbox: {}
