2026-08-06T09:51:35.235Z [RTM] [32minfo[39m: Skipping network creation. Observe that all network operations will yield a runtime error.
(false@{}%{}, false@{}%{})@{}%{}
Runtime error in thread a1c0a2f3-c1e4-4596-8086-c5b3a4144d6d@{}%{}

  7 |     val _ = disableRangedReceive c2
    |             ^

>> disableRangedReceive cannot put the mailbox back to its earlier level with this authority.
 | level of the mailbox now     : <alice&bob;#root-integrity>
 | earlier level of the mailbox : <alice;#root-integrity>
 | level of the authority       : <alice;#root-integrity>
>> at tests/rt/neg/ifc/lclear-wrongauth2.trp:7:13
