2026-08-06T09:54:18.096Z [RTM] info: Skipping network creation. Observe that all network operations will yield a runtime error.
(false@{}%{}, false@{}%{})@{}%{}
Runtime error in thread 5af55050-191e-45d2-87f1-f596d5f669d6@{}%{}

  7 |     val _ = disableRangedReceive c2
    |             ^

>> disableRangedReceive cannot put the mailbox back to its earlier level with this authority.
 | level of the mailbox now     : <alice&bob;#root-integrity>
 | earlier level of the mailbox : <alice;#root-integrity>
 | level of the authority       : <alice;#root-integrity>
>> at tests/rt/neg/ifc/lclear-wrongauth2.trp:7:13
