2026-08-06T09:54:15.500Z [RTM] info: Skipping network creation. Observe that all network operations will yield a runtime error.
Runtime error in thread 5a5c547d-4e9a-4bb8-a618-fb78cecd49d9@{}%{}

  5 |         then disableRangedReceive c
    |              ^

>> The pc at the disableRangedReceive must flow to the pc at the enableRangedReceive.
 | pc level at the disableRangedReceive : {alice}
 | pc level at the enableRangedReceive  : {}
 | level of the capability              : {}
>> at tests/rt/neg/ifc/lclear-implicit-lower.trp:5:14
