2026-08-06T09:54:18.111Z [RTM] info: Skipping network creation. Observe that all network operations will yield a runtime error.
Runtime error in thread 1d2c97be-6ae4-4aa3-8dfd-e9949e1d5d1a@{}%{}

  6 |     val _ = disableRangedReceive c1
    |             ^

>> disableRangedReceive must close the last enableRangedReceive first.
 | capability of the last enableRangedReceive : 082ffb28-db6e-4015-bcfc-780043d44577
 | capability provided                        : 057c009a-0ff2-479b-a601-9d17a95d130a
>> at tests/rt/neg/ifc/lclear-ill-scoped.trp:6:13
