2023-03-17T21:23:24.044Z [RTM] [32minfo[39m: Skipping network creation. Observe that all external IO operations will yield a runtime error.
PID:faeac673-3c23-4935-9307-1456ddb6ffae@{}%{}     PC:{}                BL:{}                HNNORMAL             _sp:15               
PID:faeac673-3c23-4935-9307-1456ddb6ffae@{}%{}     PC:{}                BL:{alice}           HNNORMAL             _sp:15               
Runtime error in thread faeac673-3c23-4935-9307-1456ddb6ffae@{}%{}
>> Illegal flow in adv function:
 |    pc: {}
 | block: {alice}
 | value: 2@{alice}%{alice}
