2023-03-17T21:23:24.231Z [RTM] [32minfo[39m: Skipping network creation. Observe that all external IO operations will yield a runtime error.
Runtime error in thread 2b21e573-fd66-431c-91ab-0ed91f14af58@{}%{}
>> Mailbox clearance label is not restorted after being raised in a branch; stack depth = 11
