2026-08-06T09:54:15.577Z [RTM] info: Skipping network creation. Observe that all network operations will yield a runtime error.
false@{}%{}
Runtime error in thread 646dadf4-4430-4de1-97f8-1ecbc643d3d3@{}%{}

  6 |     val () = disableRangedReceive c
    |              ^

>> disableRangedReceive cannot put the mailbox back to its earlier level with this authority.
 | level of the mailbox now     : <alice;#root-integrity>
 | earlier level of the mailbox : {}
 | level of the authority       : <bob;#root-integrity>
>> at tests/rt/neg/ifc/lclear-wrongauth.trp:6:14
