2020-03-16T16:32:07.224Z [RTM] [32minfo[39m: Skipping network creation. Observe that all external IO operations will yield a runtime error.
[31mPID:6a4c141c-656d-489e-9ef7-2c56c1db88af@{}%{}    [39m [31mPC:{}               [39m [31mBL:{}               [39m [31mHNNORMAL            [39m 
[31mPID:6a4c141c-656d-489e-9ef7-2c56c1db88af@{}%{}    [39m [31mPC:{}               [39m [31mBL:{}               [39m [31mHNNORMAL            [39m 
[31mRuntime error in thread 6a4c141c-656d-489e-9ef7-2c56c1db88af@{}%{}[39m
[31m>> Illegal flow in adv function:[39m
[31m |    pc: {}[39m
[31m | block: {alice}[39m
[31m | value: 2@{alice}%{alice}[39m
