2023-03-17T21:23:23.794Z [RTM] [32minfo[39m: Skipping network creation. Observe that all external IO operations will yield a runtime error.
PID:26404603-6cd9-4d4f-9a50-c2ec8c804025@{}%{}     PC:{}                BL:{}                HNNORMAL             _sp:21               
PID:26404603-6cd9-4d4f-9a50-c2ec8c804025@{}%{}     PC:{}                BL:{}                HNNORMAL             _sp:21               
Runtime error in thread 26404603-6cd9-4d4f-9a50-c2ec8c804025@{}%{}
>> Illegal flow in adv function:
 |    pc: {}
 | block: {alice}
 | value: 2@{alice}%{alice}
