2026-07-31T08:17:01.018Z [RTM] info: Skipping network creation. Observe that all network operations will yield a runtime error.
Runtime error in thread ed3acabf-8b62-431f-92d2-0087e93628c2@{}%{}

  10 |         then rcvp (`{}`, [hn x => x]) 
     |              ^

>> Ranged-receive consume occurrence check failed: whether the removal fires depends on data above the receive clearance
 | receive lower bound (floor): {}
 | receive clearance          : {}
 | occurrence level (occ)     : {alice}
 | pc level                   : {alice}
>> at tests/rt/neg/ifc/lclear-implicit-receive.trp:10:14
