2023-03-17T21:23:23.478Z [RTM] [32minfo[39m: Skipping network creation. Observe that all external IO operations will yield a runtime error.
Runtime error in thread 4da68d11-eb6a-47a2-9673-0865d9966728@{}%{}
>> Illegal flow in adv function:
 |    pc: {}
 | block: {#TOP}
 | value: 5@{}%{}
(6@{}%{}, "x"@{}%{})@{}%{}
Runtime error in thread 80320c26-4851-4a0c-98f6-a2fdee1056dc@{}%{}
>> Illegal flow in adv function:
 |    pc: {}
 | block: {#TOP}
 | value: 6@{}%{}
