2023-03-17T21:23:23.868Z [RTM] [32minfo[39m: Skipping network creation. Observe that all external IO operations will yield a runtime error.
Runtime error in thread 1d69b8a9-6861-492b-b46c-ee3854853c30@{}%{}
>> Not enough authority for declassification
 | level of the data: {alice}
 | level of the authority: {bob}
 | target level of the declassification: {}
