2023-03-17T21:23:23.119Z [RTM] [32minfo[39m: Skipping network creation. Observe that all external IO operations will yield a runtime error.
Runtime error in thread b8644222-4dc4-4ef6-8eec-519ec3a34aa3@{}%{}
>> level argument of pinipushto operation must flow to the current blocking level
| the blocking level: {alice,bob}
| the level argument: {}@{}%{}
