2023-03-17T21:23:23.346Z [RTM] [32minfo[39m: Skipping network creation. Observe that all external IO operations will yield a runtime error.
PID:750fb9d2-3010-43f0-b48d-b40a541ce63d@{}%{}     PC:{}                BL:{alice,bob}       HNNORMAL             _sp:16               
Runtime error in thread 750fb9d2-3010-43f0-b48d-b40a541ce63d@{}%{}
>> Not enough authority for pini declassification
 | from level of the blocking level: {alice,bob}
 | level of the authority: {alice}
 | to level of the blocking level: {alice}
