2020-03-26T16:43:12.945Z [RTM] [32minfo[39m: Skipping network creation. Observe that all external IO operations will yield a runtime error.
[31mRuntime error in thread 138d4c0b-1784-4d9a-8bf4-eb4255143b3c@{}%{}[39m
[31m>> level argument of pinipushto operation must flow to the current blocking level[39m
[31m| the blocking level: {alice,bob}[39m
[31m| the level argument: {}@{}%{}[39m
