2019-03-07T17:06:38.731Z [RTM] [32minfo[39m: Skipping network creation. Observe that all external IO operations will yield a runtime error.
[31mRuntime error in thread 09d0e729-aad4-4751-967f-ac818ed0808b@{}%{}[39m
[31m>> Provided authority is not TOP[39m
[31m | level of the provided authority: {alice}[39m
