2023-03-17T21:23:23.360Z [RTM] [32minfo[39m: Skipping network creation. Observe that all external IO operations will yield a runtime error.
>>> Main thread finished with value: ()@{}%{}
Runtime error in thread 88329895-e409-478b-8ba3-86c541c9d660@{}%{}
>> Illegal flow in adv function:
 |    pc: {secret}
 | block: {secret}
 | value: 2@{secret}%{secret}
