2021-05-19T11:39:35.139Z [RTM] [32minfo[39m: Skipping network creation. Observe that all external IO operations will yield a runtime error.
[31mRuntime error in thread 7c94d2c7-ab1f-43c5-98b1-e5709d94738c@{}%{}[39m
[31m>> Illegal flow in adv function:[39m
[31m |    pc: {#TOP}[39m
[31m | block: {#TOP}[39m
[31m | value: 1@{}%{}[39m
