2019-03-07T12:08:26.859Z [RTM] [32minfo[39m: Skipping network creation. Observe that all external IO operations will yield a runtime error.
[31mRuntime error in thread 7f241d11-d22d-4202-b3b7-ee715a972feb@{}%{}[39m
[31m>> Illegal flow in adv function:[39m
[31m |    pc: {#TOP}[39m
[31m | block: {#TOP}[39m
[31m | value: 1@{#TOP}%{#TOP}[39m
