2025-12-14T11:44:14.654Z [RTM] info: Skipping network creation. Observe that all external IO operations will yield a runtime error.
"Testing edge cases..."@{}%{}
"Negative numbers:"@{}%{}
("-1 andb 255 ="@{}%{}, 255@{}%{})@{}%{}
("-1 orb 0 ="@{}%{}, -1@{}%{})@{}%{}
("-1 xorb -1 ="@{}%{}, 0@{}%{})@{}%{}
"32-bit boundaries:"@{}%{}
("2147483647 << 1 ="@{}%{}, -2@{}%{})@{}%{}
("-2147483648 >> 1 ="@{}%{}, -1073741824@{}%{})@{}%{}
("-1 ~>> 1 ="@{}%{}, 2147483647@{}%{})@{}%{}
"Operations with zero:"@{}%{}
("0 andb 0 ="@{}%{}, 0@{}%{})@{}%{}
("0 orb 0 ="@{}%{}, 0@{}%{})@{}%{}
("0 xorb 0 ="@{}%{}, 0@{}%{})@{}%{}
("0 << 10 ="@{}%{}, 0@{}%{})@{}%{}
("0 >> 10 ="@{}%{}, 0@{}%{})@{}%{}
"Large shift amounts:"@{}%{}
("1 << 31 ="@{}%{}, -2147483648@{}%{})@{}%{}
("1 << 32 ="@{}%{}, 1@{}%{})@{}%{}
("-2147483648 >> 31 ="@{}%{}, -1@{}%{})@{}%{}
("-2147483648 ~>> 31 ="@{}%{}, 1@{}%{})@{}%{}
"Edge case tests completed!"@{}%{}
>>> Main thread finished with value: ()@{}%{}
