2023-07-06T14:40:42.642Z [RTM] [32minfo[39m: Skipping network creation. Observe that all external IO operations will yield a runtime error.
>>> Main thread finished with value: (true@{}%{}, true@{}%{}, true@{}%{}, false@{}%{}, false@{}%{}, false@{}%{}, false@{}%{}, false@{}%{}, false@{}%{}, false@{}%{}, false@{}%{}, false@{}%{}, false@{}%{}, false@{}%{}, false@{}%{})@{}%{}
