2019-05-07T18:22:49.053Z [RTM] [32minfo[39m: Skipping network creation. Observe that all external IO operations will yield a runtime error.
>>> Main thread finished with value: ()@{}%{}
("OK"@{}%{}, 1000@{}%{})@{}%{}
("OK"@{}%{}, 999@{}%{})@{}%{}
("OK"@{}%{}, 998@{}%{})@{}%{}
("OK"@{}%{}, 997@{}%{})@{}%{}
("OK"@{}%{}, 995@{}%{})@{}%{}
("OK"@{}%{}, 996@{}%{})@{}%{}
("OK"@{}%{}, 994@{}%{})@{}%{}
("OK"@{}%{}, 993@{}%{})@{}%{}
("OK"@{}%{}, 992@{}%{})@{}%{}
("OK"@{}%{}, 991@{}%{})@{}%{}
("OK"@{}%{}, 989@{}%{})@{}%{}
("OK"@{}%{}, 990@{}%{})@{}%{}
("OK"@{}%{}, 988@{}%{})@{}%{}
("OK"@{}%{}, 987@{}%{})@{}%{}
("OK"@{}%{}, 986@{}%{})@{}%{}
("OK"@{}%{}, 985@{}%{})@{}%{}
("OK"@{}%{}, 984@{}%{})@{}%{}
("OK"@{}%{}, 983@{}%{})@{}%{}
("OK"@{}%{}, 982@{}%{})@{}%{}
("OK"@{}%{}, 981@{}%{})@{}%{}
("OK"@{}%{}, 980@{}%{})@{}%{}
("OK"@{}%{}, 978@{}%{})@{}%{}
("OK"@{}%{}, 979@{}%{})@{}%{}
("OK"@{}%{}, 977@{}%{})@{}%{}
("OK"@{}%{}, 976@{}%{})@{}%{}
("OK"@{}%{}, 975@{}%{})@{}%{}
("OK"@{}%{}, 974@{}%{})@{}%{}
("OK"@{}%{}, 973@{}%{})@{}%{}
("OK"@{}%{}, 972@{}%{})@{}%{}
("OK"@{}%{}, 971@{}%{})@{}%{}
("OK"@{}%{}, 970@{}%{})@{}%{}
("OK"@{}%{}, 969@{}%{})@{}%{}
("OK"@{}%{}, 968@{}%{})@{}%{}
("OK"@{}%{}, 967@{}%{})@{}%{}
("OK"@{}%{}, 966@{}%{})@{}%{}
("OK"@{}%{}, 965@{}%{})@{}%{}
("OK"@{}%{}, 964@{}%{})@{}%{}
("OK"@{}%{}, 963@{}%{})@{}%{}
("OK"@{}%{}, 962@{}%{})@{}%{}
("OK"@{}%{}, 960@{}%{})@{}%{}
("OK"@{}%{}, 961@{}%{})@{}%{}
("OK"@{}%{}, 959@{}%{})@{}%{}
("OK"@{}%{}, 958@{}%{})@{}%{}
("OK"@{}%{}, 957@{}%{})@{}%{}
("OK"@{}%{}, 956@{}%{})@{}%{}
("OK"@{}%{}, 955@{}%{})@{}%{}
("OK"@{}%{}, 954@{}%{})@{}%{}
("OK"@{}%{}, 953@{}%{})@{}%{}
("OK"@{}%{}, 952@{}%{})@{}%{}
("OK"@{}%{}, 951@{}%{})@{}%{}
("OK"@{}%{}, 949@{}%{})@{}%{}
("OK"@{}%{}, 950@{}%{})@{}%{}
("OK"@{}%{}, 948@{}%{})@{}%{}
("OK"@{}%{}, 947@{}%{})@{}%{}
("OK"@{}%{}, 946@{}%{})@{}%{}
("OK"@{}%{}, 945@{}%{})@{}%{}
("OK"@{}%{}, 943@{}%{})@{}%{}
("OK"@{}%{}, 944@{}%{})@{}%{}
("OK"@{}%{}, 942@{}%{})@{}%{}
("OK"@{}%{}, 941@{}%{})@{}%{}
("OK"@{}%{}, 940@{}%{})@{}%{}
("OK"@{}%{}, 939@{}%{})@{}%{}
("OK"@{}%{}, 938@{}%{})@{}%{}
("OK"@{}%{}, 937@{}%{})@{}%{}
("OK"@{}%{}, 936@{}%{})@{}%{}
("OK"@{}%{}, 935@{}%{})@{}%{}
("OK"@{}%{}, 934@{}%{})@{}%{}
("OK"@{}%{}, 932@{}%{})@{}%{}
("OK"@{}%{}, 933@{}%{})@{}%{}
("OK"@{}%{}, 931@{}%{})@{}%{}
("OK"@{}%{}, 930@{}%{})@{}%{}
("OK"@{}%{}, 929@{}%{})@{}%{}
("OK"@{}%{}, 928@{}%{})@{}%{}
("OK"@{}%{}, 927@{}%{})@{}%{}
("OK"@{}%{}, 926@{}%{})@{}%{}
("OK"@{}%{}, 925@{}%{})@{}%{}
("OK"@{}%{}, 924@{}%{})@{}%{}
("OK"@{}%{}, 923@{}%{})@{}%{}
("OK"@{}%{}, 922@{}%{})@{}%{}
("OK"@{}%{}, 921@{}%{})@{}%{}
("OK"@{}%{}, 920@{}%{})@{}%{}
("OK"@{}%{}, 919@{}%{})@{}%{}
("OK"@{}%{}, 918@{}%{})@{}%{}
("OK"@{}%{}, 917@{}%{})@{}%{}
("OK"@{}%{}, 916@{}%{})@{}%{}
("OK"@{}%{}, 914@{}%{})@{}%{}
("OK"@{}%{}, 915@{}%{})@{}%{}
("OK"@{}%{}, 913@{}%{})@{}%{}
("OK"@{}%{}, 912@{}%{})@{}%{}
("OK"@{}%{}, 911@{}%{})@{}%{}
("OK"@{}%{}, 910@{}%{})@{}%{}
("OK"@{}%{}, 909@{}%{})@{}%{}
("OK"@{}%{}, 908@{}%{})@{}%{}
("OK"@{}%{}, 907@{}%{})@{}%{}
("OK"@{}%{}, 906@{}%{})@{}%{}
("OK"@{}%{}, 905@{}%{})@{}%{}
("OK"@{}%{}, 903@{}%{})@{}%{}
("OK"@{}%{}, 904@{}%{})@{}%{}
("OK"@{}%{}, 902@{}%{})@{}%{}
("OK"@{}%{}, 901@{}%{})@{}%{}
("OK"@{}%{}, 900@{}%{})@{}%{}
("OK"@{}%{}, 899@{}%{})@{}%{}
("OK"@{}%{}, 897@{}%{})@{}%{}
("OK"@{}%{}, 898@{}%{})@{}%{}
("OK"@{}%{}, 896@{}%{})@{}%{}
("OK"@{}%{}, 895@{}%{})@{}%{}
("OK"@{}%{}, 894@{}%{})@{}%{}
("OK"@{}%{}, 893@{}%{})@{}%{}
("OK"@{}%{}, 892@{}%{})@{}%{}
("OK"@{}%{}, 891@{}%{})@{}%{}
("OK"@{}%{}, 890@{}%{})@{}%{}
("OK"@{}%{}, 889@{}%{})@{}%{}
("OK"@{}%{}, 888@{}%{})@{}%{}
("OK"@{}%{}, 886@{}%{})@{}%{}
("OK"@{}%{}, 887@{}%{})@{}%{}
("OK"@{}%{}, 885@{}%{})@{}%{}
("OK"@{}%{}, 884@{}%{})@{}%{}
("OK"@{}%{}, 883@{}%{})@{}%{}
("OK"@{}%{}, 882@{}%{})@{}%{}
("OK"@{}%{}, 881@{}%{})@{}%{}
("OK"@{}%{}, 880@{}%{})@{}%{}
("OK"@{}%{}, 879@{}%{})@{}%{}
("OK"@{}%{}, 878@{}%{})@{}%{}
("OK"@{}%{}, 877@{}%{})@{}%{}
("OK"@{}%{}, 876@{}%{})@{}%{}
("OK"@{}%{}, 875@{}%{})@{}%{}
("OK"@{}%{}, 874@{}%{})@{}%{}
("OK"@{}%{}, 873@{}%{})@{}%{}
("OK"@{}%{}, 872@{}%{})@{}%{}
("OK"@{}%{}, 871@{}%{})@{}%{}
("OK"@{}%{}, 870@{}%{})@{}%{}
("OK"@{}%{}, 868@{}%{})@{}%{}
("OK"@{}%{}, 869@{}%{})@{}%{}
("OK"@{}%{}, 867@{}%{})@{}%{}
("OK"@{}%{}, 866@{}%{})@{}%{}
("OK"@{}%{}, 865@{}%{})@{}%{}
("OK"@{}%{}, 864@{}%{})@{}%{}
("OK"@{}%{}, 863@{}%{})@{}%{}
("OK"@{}%{}, 862@{}%{})@{}%{}
("OK"@{}%{}, 861@{}%{})@{}%{}
("OK"@{}%{}, 860@{}%{})@{}%{}
("OK"@{}%{}, 859@{}%{})@{}%{}
("OK"@{}%{}, 857@{}%{})@{}%{}
("OK"@{}%{}, 858@{}%{})@{}%{}
("OK"@{}%{}, 856@{}%{})@{}%{}
("OK"@{}%{}, 855@{}%{})@{}%{}
("OK"@{}%{}, 854@{}%{})@{}%{}
("OK"@{}%{}, 853@{}%{})@{}%{}
("OK"@{}%{}, 851@{}%{})@{}%{}
("OK"@{}%{}, 852@{}%{})@{}%{}
("OK"@{}%{}, 850@{}%{})@{}%{}
("OK"@{}%{}, 849@{}%{})@{}%{}
("OK"@{}%{}, 848@{}%{})@{}%{}
("OK"@{}%{}, 847@{}%{})@{}%{}
("OK"@{}%{}, 846@{}%{})@{}%{}
("OK"@{}%{}, 845@{}%{})@{}%{}
("OK"@{}%{}, 844@{}%{})@{}%{}
("OK"@{}%{}, 843@{}%{})@{}%{}
("OK"@{}%{}, 842@{}%{})@{}%{}
("OK"@{}%{}, 840@{}%{})@{}%{}
("OK"@{}%{}, 841@{}%{})@{}%{}
("OK"@{}%{}, 839@{}%{})@{}%{}
("OK"@{}%{}, 838@{}%{})@{}%{}
("OK"@{}%{}, 837@{}%{})@{}%{}
("OK"@{}%{}, 836@{}%{})@{}%{}
("OK"@{}%{}, 835@{}%{})@{}%{}
("OK"@{}%{}, 834@{}%{})@{}%{}
("OK"@{}%{}, 833@{}%{})@{}%{}
("OK"@{}%{}, 832@{}%{})@{}%{}
("OK"@{}%{}, 831@{}%{})@{}%{}
("OK"@{}%{}, 830@{}%{})@{}%{}
("OK"@{}%{}, 829@{}%{})@{}%{}
("OK"@{}%{}, 828@{}%{})@{}%{}
("OK"@{}%{}, 827@{}%{})@{}%{}
("OK"@{}%{}, 826@{}%{})@{}%{}
("OK"@{}%{}, 825@{}%{})@{}%{}
("OK"@{}%{}, 824@{}%{})@{}%{}
("OK"@{}%{}, 822@{}%{})@{}%{}
("OK"@{}%{}, 823@{}%{})@{}%{}
("OK"@{}%{}, 821@{}%{})@{}%{}
("OK"@{}%{}, 820@{}%{})@{}%{}
("OK"@{}%{}, 819@{}%{})@{}%{}
("OK"@{}%{}, 818@{}%{})@{}%{}
("OK"@{}%{}, 817@{}%{})@{}%{}
("OK"@{}%{}, 816@{}%{})@{}%{}
("OK"@{}%{}, 815@{}%{})@{}%{}
("OK"@{}%{}, 814@{}%{})@{}%{}
("OK"@{}%{}, 813@{}%{})@{}%{}
("OK"@{}%{}, 811@{}%{})@{}%{}
("OK"@{}%{}, 812@{}%{})@{}%{}
("OK"@{}%{}, 810@{}%{})@{}%{}
("OK"@{}%{}, 809@{}%{})@{}%{}
("OK"@{}%{}, 808@{}%{})@{}%{}
("OK"@{}%{}, 807@{}%{})@{}%{}
("OK"@{}%{}, 805@{}%{})@{}%{}
("OK"@{}%{}, 806@{}%{})@{}%{}
("OK"@{}%{}, 804@{}%{})@{}%{}
("OK"@{}%{}, 803@{}%{})@{}%{}
("OK"@{}%{}, 802@{}%{})@{}%{}
("OK"@{}%{}, 801@{}%{})@{}%{}
("OK"@{}%{}, 800@{}%{})@{}%{}
("OK"@{}%{}, 799@{}%{})@{}%{}
("OK"@{}%{}, 798@{}%{})@{}%{}
("OK"@{}%{}, 797@{}%{})@{}%{}
("OK"@{}%{}, 796@{}%{})@{}%{}
("OK"@{}%{}, 794@{}%{})@{}%{}
("OK"@{}%{}, 795@{}%{})@{}%{}
("OK"@{}%{}, 793@{}%{})@{}%{}
("OK"@{}%{}, 792@{}%{})@{}%{}
("OK"@{}%{}, 791@{}%{})@{}%{}
("OK"@{}%{}, 790@{}%{})@{}%{}
("OK"@{}%{}, 789@{}%{})@{}%{}
("OK"@{}%{}, 788@{}%{})@{}%{}
("OK"@{}%{}, 787@{}%{})@{}%{}
("OK"@{}%{}, 786@{}%{})@{}%{}
("OK"@{}%{}, 785@{}%{})@{}%{}
("OK"@{}%{}, 784@{}%{})@{}%{}
("OK"@{}%{}, 783@{}%{})@{}%{}
("OK"@{}%{}, 782@{}%{})@{}%{}
("OK"@{}%{}, 781@{}%{})@{}%{}
("OK"@{}%{}, 780@{}%{})@{}%{}
("OK"@{}%{}, 779@{}%{})@{}%{}
("OK"@{}%{}, 778@{}%{})@{}%{}
("OK"@{}%{}, 776@{}%{})@{}%{}
("OK"@{}%{}, 777@{}%{})@{}%{}
("OK"@{}%{}, 775@{}%{})@{}%{}
("OK"@{}%{}, 774@{}%{})@{}%{}
("OK"@{}%{}, 773@{}%{})@{}%{}
("OK"@{}%{}, 772@{}%{})@{}%{}
("OK"@{}%{}, 771@{}%{})@{}%{}
("OK"@{}%{}, 770@{}%{})@{}%{}
("OK"@{}%{}, 769@{}%{})@{}%{}
("OK"@{}%{}, 768@{}%{})@{}%{}
("OK"@{}%{}, 767@{}%{})@{}%{}
("OK"@{}%{}, 765@{}%{})@{}%{}
("OK"@{}%{}, 766@{}%{})@{}%{}
("OK"@{}%{}, 764@{}%{})@{}%{}
("OK"@{}%{}, 763@{}%{})@{}%{}
("OK"@{}%{}, 762@{}%{})@{}%{}
("OK"@{}%{}, 761@{}%{})@{}%{}
("OK"@{}%{}, 759@{}%{})@{}%{}
("OK"@{}%{}, 760@{}%{})@{}%{}
("OK"@{}%{}, 758@{}%{})@{}%{}
("OK"@{}%{}, 757@{}%{})@{}%{}
("OK"@{}%{}, 756@{}%{})@{}%{}
("OK"@{}%{}, 755@{}%{})@{}%{}
("OK"@{}%{}, 754@{}%{})@{}%{}
("OK"@{}%{}, 753@{}%{})@{}%{}
("OK"@{}%{}, 752@{}%{})@{}%{}
("OK"@{}%{}, 751@{}%{})@{}%{}
("OK"@{}%{}, 750@{}%{})@{}%{}
("OK"@{}%{}, 748@{}%{})@{}%{}
("OK"@{}%{}, 749@{}%{})@{}%{}
("OK"@{}%{}, 747@{}%{})@{}%{}
("OK"@{}%{}, 746@{}%{})@{}%{}
("OK"@{}%{}, 745@{}%{})@{}%{}
("OK"@{}%{}, 744@{}%{})@{}%{}
("OK"@{}%{}, 743@{}%{})@{}%{}
("OK"@{}%{}, 742@{}%{})@{}%{}
("OK"@{}%{}, 741@{}%{})@{}%{}
("OK"@{}%{}, 740@{}%{})@{}%{}
("OK"@{}%{}, 739@{}%{})@{}%{}
("OK"@{}%{}, 738@{}%{})@{}%{}
("OK"@{}%{}, 737@{}%{})@{}%{}
("OK"@{}%{}, 736@{}%{})@{}%{}
("OK"@{}%{}, 735@{}%{})@{}%{}
("OK"@{}%{}, 734@{}%{})@{}%{}
("OK"@{}%{}, 733@{}%{})@{}%{}
("OK"@{}%{}, 732@{}%{})@{}%{}
("OK"@{}%{}, 730@{}%{})@{}%{}
("OK"@{}%{}, 731@{}%{})@{}%{}
("OK"@{}%{}, 729@{}%{})@{}%{}
("OK"@{}%{}, 728@{}%{})@{}%{}
("OK"@{}%{}, 727@{}%{})@{}%{}
("OK"@{}%{}, 726@{}%{})@{}%{}
("OK"@{}%{}, 725@{}%{})@{}%{}
("OK"@{}%{}, 724@{}%{})@{}%{}
("OK"@{}%{}, 723@{}%{})@{}%{}
("OK"@{}%{}, 722@{}%{})@{}%{}
("OK"@{}%{}, 721@{}%{})@{}%{}
("OK"@{}%{}, 719@{}%{})@{}%{}
("OK"@{}%{}, 720@{}%{})@{}%{}
("OK"@{}%{}, 718@{}%{})@{}%{}
("OK"@{}%{}, 717@{}%{})@{}%{}
("OK"@{}%{}, 716@{}%{})@{}%{}
("OK"@{}%{}, 715@{}%{})@{}%{}
("OK"@{}%{}, 713@{}%{})@{}%{}
("OK"@{}%{}, 714@{}%{})@{}%{}
("OK"@{}%{}, 712@{}%{})@{}%{}
("OK"@{}%{}, 711@{}%{})@{}%{}
("OK"@{}%{}, 710@{}%{})@{}%{}
("OK"@{}%{}, 709@{}%{})@{}%{}
("OK"@{}%{}, 708@{}%{})@{}%{}
("OK"@{}%{}, 707@{}%{})@{}%{}
("OK"@{}%{}, 706@{}%{})@{}%{}
("OK"@{}%{}, 705@{}%{})@{}%{}
("OK"@{}%{}, 704@{}%{})@{}%{}
("OK"@{}%{}, 702@{}%{})@{}%{}
("OK"@{}%{}, 703@{}%{})@{}%{}
("OK"@{}%{}, 701@{}%{})@{}%{}
("OK"@{}%{}, 700@{}%{})@{}%{}
("OK"@{}%{}, 699@{}%{})@{}%{}
("OK"@{}%{}, 698@{}%{})@{}%{}
("OK"@{}%{}, 697@{}%{})@{}%{}
("OK"@{}%{}, 696@{}%{})@{}%{}
("OK"@{}%{}, 695@{}%{})@{}%{}
("OK"@{}%{}, 694@{}%{})@{}%{}
("OK"@{}%{}, 693@{}%{})@{}%{}
("OK"@{}%{}, 692@{}%{})@{}%{}
("OK"@{}%{}, 691@{}%{})@{}%{}
("OK"@{}%{}, 690@{}%{})@{}%{}
("OK"@{}%{}, 689@{}%{})@{}%{}
("OK"@{}%{}, 688@{}%{})@{}%{}
("OK"@{}%{}, 687@{}%{})@{}%{}
("OK"@{}%{}, 686@{}%{})@{}%{}
("OK"@{}%{}, 684@{}%{})@{}%{}
("OK"@{}%{}, 685@{}%{})@{}%{}
("OK"@{}%{}, 683@{}%{})@{}%{}
("OK"@{}%{}, 682@{}%{})@{}%{}
("OK"@{}%{}, 681@{}%{})@{}%{}
("OK"@{}%{}, 680@{}%{})@{}%{}
("OK"@{}%{}, 679@{}%{})@{}%{}
("OK"@{}%{}, 678@{}%{})@{}%{}
("OK"@{}%{}, 677@{}%{})@{}%{}
("OK"@{}%{}, 676@{}%{})@{}%{}
("OK"@{}%{}, 675@{}%{})@{}%{}
("OK"@{}%{}, 673@{}%{})@{}%{}
("OK"@{}%{}, 674@{}%{})@{}%{}
("OK"@{}%{}, 672@{}%{})@{}%{}
("OK"@{}%{}, 671@{}%{})@{}%{}
("OK"@{}%{}, 670@{}%{})@{}%{}
("OK"@{}%{}, 669@{}%{})@{}%{}
("OK"@{}%{}, 667@{}%{})@{}%{}
("OK"@{}%{}, 668@{}%{})@{}%{}
("OK"@{}%{}, 666@{}%{})@{}%{}
("OK"@{}%{}, 665@{}%{})@{}%{}
("OK"@{}%{}, 664@{}%{})@{}%{}
("OK"@{}%{}, 663@{}%{})@{}%{}
("OK"@{}%{}, 662@{}%{})@{}%{}
("OK"@{}%{}, 661@{}%{})@{}%{}
("OK"@{}%{}, 660@{}%{})@{}%{}
("OK"@{}%{}, 659@{}%{})@{}%{}
("OK"@{}%{}, 658@{}%{})@{}%{}
("OK"@{}%{}, 656@{}%{})@{}%{}
("OK"@{}%{}, 657@{}%{})@{}%{}
("OK"@{}%{}, 655@{}%{})@{}%{}
("OK"@{}%{}, 654@{}%{})@{}%{}
("OK"@{}%{}, 653@{}%{})@{}%{}
("OK"@{}%{}, 652@{}%{})@{}%{}
("OK"@{}%{}, 651@{}%{})@{}%{}
("OK"@{}%{}, 650@{}%{})@{}%{}
("OK"@{}%{}, 649@{}%{})@{}%{}
("OK"@{}%{}, 648@{}%{})@{}%{}
("OK"@{}%{}, 647@{}%{})@{}%{}
("OK"@{}%{}, 646@{}%{})@{}%{}
("OK"@{}%{}, 645@{}%{})@{}%{}
("OK"@{}%{}, 644@{}%{})@{}%{}
("OK"@{}%{}, 643@{}%{})@{}%{}
("OK"@{}%{}, 642@{}%{})@{}%{}
("OK"@{}%{}, 641@{}%{})@{}%{}
("OK"@{}%{}, 640@{}%{})@{}%{}
("OK"@{}%{}, 638@{}%{})@{}%{}
("OK"@{}%{}, 639@{}%{})@{}%{}
("OK"@{}%{}, 637@{}%{})@{}%{}
("OK"@{}%{}, 636@{}%{})@{}%{}
("OK"@{}%{}, 635@{}%{})@{}%{}
("OK"@{}%{}, 634@{}%{})@{}%{}
("OK"@{}%{}, 633@{}%{})@{}%{}
("OK"@{}%{}, 632@{}%{})@{}%{}
("OK"@{}%{}, 631@{}%{})@{}%{}
("OK"@{}%{}, 630@{}%{})@{}%{}
("OK"@{}%{}, 629@{}%{})@{}%{}
("OK"@{}%{}, 627@{}%{})@{}%{}
("OK"@{}%{}, 628@{}%{})@{}%{}
("OK"@{}%{}, 626@{}%{})@{}%{}
("OK"@{}%{}, 625@{}%{})@{}%{}
("OK"@{}%{}, 624@{}%{})@{}%{}
("OK"@{}%{}, 623@{}%{})@{}%{}
("OK"@{}%{}, 621@{}%{})@{}%{}
("OK"@{}%{}, 622@{}%{})@{}%{}
("OK"@{}%{}, 620@{}%{})@{}%{}
("OK"@{}%{}, 619@{}%{})@{}%{}
("OK"@{}%{}, 618@{}%{})@{}%{}
("OK"@{}%{}, 617@{}%{})@{}%{}
("OK"@{}%{}, 616@{}%{})@{}%{}
("OK"@{}%{}, 615@{}%{})@{}%{}
("OK"@{}%{}, 614@{}%{})@{}%{}
("OK"@{}%{}, 613@{}%{})@{}%{}
("OK"@{}%{}, 612@{}%{})@{}%{}
("OK"@{}%{}, 610@{}%{})@{}%{}
("OK"@{}%{}, 611@{}%{})@{}%{}
("OK"@{}%{}, 609@{}%{})@{}%{}
("OK"@{}%{}, 608@{}%{})@{}%{}
("OK"@{}%{}, 607@{}%{})@{}%{}
("OK"@{}%{}, 606@{}%{})@{}%{}
("OK"@{}%{}, 605@{}%{})@{}%{}
("OK"@{}%{}, 604@{}%{})@{}%{}
("OK"@{}%{}, 603@{}%{})@{}%{}
("OK"@{}%{}, 602@{}%{})@{}%{}
("OK"@{}%{}, 601@{}%{})@{}%{}
("OK"@{}%{}, 600@{}%{})@{}%{}
("OK"@{}%{}, 599@{}%{})@{}%{}
("OK"@{}%{}, 598@{}%{})@{}%{}
("OK"@{}%{}, 597@{}%{})@{}%{}
("OK"@{}%{}, 596@{}%{})@{}%{}
("OK"@{}%{}, 595@{}%{})@{}%{}
("OK"@{}%{}, 594@{}%{})@{}%{}
("OK"@{}%{}, 592@{}%{})@{}%{}
("OK"@{}%{}, 593@{}%{})@{}%{}
("OK"@{}%{}, 591@{}%{})@{}%{}
("OK"@{}%{}, 590@{}%{})@{}%{}
("OK"@{}%{}, 589@{}%{})@{}%{}
("OK"@{}%{}, 588@{}%{})@{}%{}
("OK"@{}%{}, 587@{}%{})@{}%{}
("OK"@{}%{}, 586@{}%{})@{}%{}
("OK"@{}%{}, 585@{}%{})@{}%{}
("OK"@{}%{}, 584@{}%{})@{}%{}
("OK"@{}%{}, 583@{}%{})@{}%{}
("OK"@{}%{}, 581@{}%{})@{}%{}
("OK"@{}%{}, 582@{}%{})@{}%{}
("OK"@{}%{}, 580@{}%{})@{}%{}
("OK"@{}%{}, 579@{}%{})@{}%{}
("OK"@{}%{}, 578@{}%{})@{}%{}
("OK"@{}%{}, 577@{}%{})@{}%{}
("OK"@{}%{}, 575@{}%{})@{}%{}
("OK"@{}%{}, 576@{}%{})@{}%{}
("OK"@{}%{}, 574@{}%{})@{}%{}
("OK"@{}%{}, 573@{}%{})@{}%{}
("OK"@{}%{}, 572@{}%{})@{}%{}
("OK"@{}%{}, 571@{}%{})@{}%{}
("OK"@{}%{}, 570@{}%{})@{}%{}
("OK"@{}%{}, 569@{}%{})@{}%{}
("OK"@{}%{}, 568@{}%{})@{}%{}
("OK"@{}%{}, 567@{}%{})@{}%{}
("OK"@{}%{}, 566@{}%{})@{}%{}
("OK"@{}%{}, 564@{}%{})@{}%{}
("OK"@{}%{}, 565@{}%{})@{}%{}
("OK"@{}%{}, 563@{}%{})@{}%{}
("OK"@{}%{}, 562@{}%{})@{}%{}
("OK"@{}%{}, 561@{}%{})@{}%{}
("OK"@{}%{}, 560@{}%{})@{}%{}
("OK"@{}%{}, 559@{}%{})@{}%{}
("OK"@{}%{}, 558@{}%{})@{}%{}
("OK"@{}%{}, 557@{}%{})@{}%{}
("OK"@{}%{}, 556@{}%{})@{}%{}
("OK"@{}%{}, 555@{}%{})@{}%{}
("OK"@{}%{}, 554@{}%{})@{}%{}
("OK"@{}%{}, 553@{}%{})@{}%{}
("OK"@{}%{}, 552@{}%{})@{}%{}
("OK"@{}%{}, 551@{}%{})@{}%{}
("OK"@{}%{}, 550@{}%{})@{}%{}
("OK"@{}%{}, 549@{}%{})@{}%{}
("OK"@{}%{}, 548@{}%{})@{}%{}
("OK"@{}%{}, 546@{}%{})@{}%{}
("OK"@{}%{}, 547@{}%{})@{}%{}
("OK"@{}%{}, 545@{}%{})@{}%{}
("OK"@{}%{}, 544@{}%{})@{}%{}
("OK"@{}%{}, 543@{}%{})@{}%{}
("OK"@{}%{}, 542@{}%{})@{}%{}
("OK"@{}%{}, 541@{}%{})@{}%{}
("OK"@{}%{}, 540@{}%{})@{}%{}
("OK"@{}%{}, 539@{}%{})@{}%{}
("OK"@{}%{}, 538@{}%{})@{}%{}
("OK"@{}%{}, 537@{}%{})@{}%{}
("OK"@{}%{}, 535@{}%{})@{}%{}
("OK"@{}%{}, 536@{}%{})@{}%{}
("OK"@{}%{}, 534@{}%{})@{}%{}
("OK"@{}%{}, 533@{}%{})@{}%{}
("OK"@{}%{}, 532@{}%{})@{}%{}
("OK"@{}%{}, 531@{}%{})@{}%{}
("OK"@{}%{}, 529@{}%{})@{}%{}
("OK"@{}%{}, 530@{}%{})@{}%{}
("OK"@{}%{}, 528@{}%{})@{}%{}
("OK"@{}%{}, 527@{}%{})@{}%{}
("OK"@{}%{}, 526@{}%{})@{}%{}
("OK"@{}%{}, 525@{}%{})@{}%{}
("OK"@{}%{}, 524@{}%{})@{}%{}
("OK"@{}%{}, 523@{}%{})@{}%{}
("OK"@{}%{}, 522@{}%{})@{}%{}
("OK"@{}%{}, 521@{}%{})@{}%{}
("OK"@{}%{}, 520@{}%{})@{}%{}
("OK"@{}%{}, 518@{}%{})@{}%{}
("OK"@{}%{}, 519@{}%{})@{}%{}
("OK"@{}%{}, 517@{}%{})@{}%{}
("OK"@{}%{}, 516@{}%{})@{}%{}
("OK"@{}%{}, 515@{}%{})@{}%{}
("OK"@{}%{}, 514@{}%{})@{}%{}
("OK"@{}%{}, 513@{}%{})@{}%{}
("OK"@{}%{}, 512@{}%{})@{}%{}
("OK"@{}%{}, 511@{}%{})@{}%{}
("OK"@{}%{}, 510@{}%{})@{}%{}
("OK"@{}%{}, 509@{}%{})@{}%{}
("OK"@{}%{}, 508@{}%{})@{}%{}
("OK"@{}%{}, 507@{}%{})@{}%{}
("OK"@{}%{}, 506@{}%{})@{}%{}
("OK"@{}%{}, 505@{}%{})@{}%{}
("OK"@{}%{}, 504@{}%{})@{}%{}
("OK"@{}%{}, 503@{}%{})@{}%{}
("OK"@{}%{}, 502@{}%{})@{}%{}
("OK"@{}%{}, 500@{}%{})@{}%{}
("OK"@{}%{}, 501@{}%{})@{}%{}
("OK"@{}%{}, 499@{}%{})@{}%{}
("OK"@{}%{}, 498@{}%{})@{}%{}
("OK"@{}%{}, 497@{}%{})@{}%{}
("OK"@{}%{}, 496@{}%{})@{}%{}
("OK"@{}%{}, 495@{}%{})@{}%{}
("OK"@{}%{}, 494@{}%{})@{}%{}
("OK"@{}%{}, 493@{}%{})@{}%{}
("OK"@{}%{}, 492@{}%{})@{}%{}
("OK"@{}%{}, 491@{}%{})@{}%{}
("OK"@{}%{}, 489@{}%{})@{}%{}
("OK"@{}%{}, 490@{}%{})@{}%{}
("OK"@{}%{}, 488@{}%{})@{}%{}
("OK"@{}%{}, 487@{}%{})@{}%{}
("OK"@{}%{}, 486@{}%{})@{}%{}
("OK"@{}%{}, 485@{}%{})@{}%{}
("OK"@{}%{}, 483@{}%{})@{}%{}
("OK"@{}%{}, 484@{}%{})@{}%{}
("OK"@{}%{}, 482@{}%{})@{}%{}
("OK"@{}%{}, 481@{}%{})@{}%{}
("OK"@{}%{}, 480@{}%{})@{}%{}
("OK"@{}%{}, 479@{}%{})@{}%{}
("OK"@{}%{}, 478@{}%{})@{}%{}
("OK"@{}%{}, 477@{}%{})@{}%{}
("OK"@{}%{}, 476@{}%{})@{}%{}
("OK"@{}%{}, 475@{}%{})@{}%{}
("OK"@{}%{}, 474@{}%{})@{}%{}
("OK"@{}%{}, 472@{}%{})@{}%{}
("OK"@{}%{}, 473@{}%{})@{}%{}
("OK"@{}%{}, 471@{}%{})@{}%{}
("OK"@{}%{}, 470@{}%{})@{}%{}
("OK"@{}%{}, 469@{}%{})@{}%{}
("OK"@{}%{}, 468@{}%{})@{}%{}
("OK"@{}%{}, 467@{}%{})@{}%{}
("OK"@{}%{}, 466@{}%{})@{}%{}
("OK"@{}%{}, 465@{}%{})@{}%{}
("OK"@{}%{}, 464@{}%{})@{}%{}
("OK"@{}%{}, 463@{}%{})@{}%{}
("OK"@{}%{}, 462@{}%{})@{}%{}
("OK"@{}%{}, 461@{}%{})@{}%{}
("OK"@{}%{}, 460@{}%{})@{}%{}
("OK"@{}%{}, 459@{}%{})@{}%{}
("OK"@{}%{}, 458@{}%{})@{}%{}
("OK"@{}%{}, 457@{}%{})@{}%{}
("OK"@{}%{}, 456@{}%{})@{}%{}
("OK"@{}%{}, 454@{}%{})@{}%{}
("OK"@{}%{}, 455@{}%{})@{}%{}
("OK"@{}%{}, 453@{}%{})@{}%{}
("OK"@{}%{}, 452@{}%{})@{}%{}
("OK"@{}%{}, 451@{}%{})@{}%{}
("OK"@{}%{}, 450@{}%{})@{}%{}
("OK"@{}%{}, 449@{}%{})@{}%{}
("OK"@{}%{}, 448@{}%{})@{}%{}
("OK"@{}%{}, 447@{}%{})@{}%{}
("OK"@{}%{}, 446@{}%{})@{}%{}
("OK"@{}%{}, 445@{}%{})@{}%{}
("OK"@{}%{}, 443@{}%{})@{}%{}
("OK"@{}%{}, 444@{}%{})@{}%{}
("OK"@{}%{}, 442@{}%{})@{}%{}
("OK"@{}%{}, 441@{}%{})@{}%{}
("OK"@{}%{}, 440@{}%{})@{}%{}
("OK"@{}%{}, 439@{}%{})@{}%{}
("OK"@{}%{}, 437@{}%{})@{}%{}
("OK"@{}%{}, 438@{}%{})@{}%{}
("OK"@{}%{}, 436@{}%{})@{}%{}
("OK"@{}%{}, 435@{}%{})@{}%{}
("OK"@{}%{}, 434@{}%{})@{}%{}
("OK"@{}%{}, 433@{}%{})@{}%{}
("OK"@{}%{}, 432@{}%{})@{}%{}
("OK"@{}%{}, 431@{}%{})@{}%{}
("OK"@{}%{}, 430@{}%{})@{}%{}
("OK"@{}%{}, 429@{}%{})@{}%{}
("OK"@{}%{}, 428@{}%{})@{}%{}
("OK"@{}%{}, 426@{}%{})@{}%{}
("OK"@{}%{}, 427@{}%{})@{}%{}
("OK"@{}%{}, 425@{}%{})@{}%{}
("OK"@{}%{}, 424@{}%{})@{}%{}
("OK"@{}%{}, 423@{}%{})@{}%{}
("OK"@{}%{}, 422@{}%{})@{}%{}
("OK"@{}%{}, 421@{}%{})@{}%{}
("OK"@{}%{}, 420@{}%{})@{}%{}
("OK"@{}%{}, 419@{}%{})@{}%{}
("OK"@{}%{}, 418@{}%{})@{}%{}
("OK"@{}%{}, 417@{}%{})@{}%{}
("OK"@{}%{}, 416@{}%{})@{}%{}
("OK"@{}%{}, 415@{}%{})@{}%{}
("OK"@{}%{}, 414@{}%{})@{}%{}
("OK"@{}%{}, 413@{}%{})@{}%{}
("OK"@{}%{}, 412@{}%{})@{}%{}
("OK"@{}%{}, 411@{}%{})@{}%{}
("OK"@{}%{}, 410@{}%{})@{}%{}
("OK"@{}%{}, 408@{}%{})@{}%{}
("OK"@{}%{}, 409@{}%{})@{}%{}
("OK"@{}%{}, 407@{}%{})@{}%{}
("OK"@{}%{}, 406@{}%{})@{}%{}
("OK"@{}%{}, 405@{}%{})@{}%{}
("OK"@{}%{}, 404@{}%{})@{}%{}
("OK"@{}%{}, 403@{}%{})@{}%{}
("OK"@{}%{}, 402@{}%{})@{}%{}
("OK"@{}%{}, 401@{}%{})@{}%{}
("OK"@{}%{}, 400@{}%{})@{}%{}
("OK"@{}%{}, 399@{}%{})@{}%{}
("OK"@{}%{}, 397@{}%{})@{}%{}
("OK"@{}%{}, 398@{}%{})@{}%{}
("OK"@{}%{}, 396@{}%{})@{}%{}
("OK"@{}%{}, 395@{}%{})@{}%{}
("OK"@{}%{}, 394@{}%{})@{}%{}
("OK"@{}%{}, 393@{}%{})@{}%{}
("OK"@{}%{}, 391@{}%{})@{}%{}
("OK"@{}%{}, 392@{}%{})@{}%{}
("OK"@{}%{}, 390@{}%{})@{}%{}
("OK"@{}%{}, 389@{}%{})@{}%{}
("OK"@{}%{}, 388@{}%{})@{}%{}
("OK"@{}%{}, 387@{}%{})@{}%{}
("OK"@{}%{}, 386@{}%{})@{}%{}
("OK"@{}%{}, 385@{}%{})@{}%{}
("OK"@{}%{}, 384@{}%{})@{}%{}
("OK"@{}%{}, 383@{}%{})@{}%{}
("OK"@{}%{}, 382@{}%{})@{}%{}
("OK"@{}%{}, 380@{}%{})@{}%{}
("OK"@{}%{}, 381@{}%{})@{}%{}
("OK"@{}%{}, 379@{}%{})@{}%{}
("OK"@{}%{}, 378@{}%{})@{}%{}
("OK"@{}%{}, 377@{}%{})@{}%{}
("OK"@{}%{}, 376@{}%{})@{}%{}
("OK"@{}%{}, 375@{}%{})@{}%{}
("OK"@{}%{}, 374@{}%{})@{}%{}
("OK"@{}%{}, 373@{}%{})@{}%{}
("OK"@{}%{}, 372@{}%{})@{}%{}
("OK"@{}%{}, 371@{}%{})@{}%{}
("OK"@{}%{}, 370@{}%{})@{}%{}
("OK"@{}%{}, 369@{}%{})@{}%{}
("OK"@{}%{}, 368@{}%{})@{}%{}
("OK"@{}%{}, 367@{}%{})@{}%{}
("OK"@{}%{}, 366@{}%{})@{}%{}
("OK"@{}%{}, 365@{}%{})@{}%{}
("OK"@{}%{}, 364@{}%{})@{}%{}
("OK"@{}%{}, 362@{}%{})@{}%{}
("OK"@{}%{}, 363@{}%{})@{}%{}
("OK"@{}%{}, 361@{}%{})@{}%{}
("OK"@{}%{}, 360@{}%{})@{}%{}
("OK"@{}%{}, 359@{}%{})@{}%{}
("OK"@{}%{}, 358@{}%{})@{}%{}
("OK"@{}%{}, 357@{}%{})@{}%{}
("OK"@{}%{}, 356@{}%{})@{}%{}
("OK"@{}%{}, 355@{}%{})@{}%{}
("OK"@{}%{}, 354@{}%{})@{}%{}
("OK"@{}%{}, 353@{}%{})@{}%{}
("OK"@{}%{}, 351@{}%{})@{}%{}
("OK"@{}%{}, 352@{}%{})@{}%{}
("OK"@{}%{}, 350@{}%{})@{}%{}
("OK"@{}%{}, 349@{}%{})@{}%{}
("OK"@{}%{}, 348@{}%{})@{}%{}
("OK"@{}%{}, 347@{}%{})@{}%{}
("OK"@{}%{}, 345@{}%{})@{}%{}
("OK"@{}%{}, 346@{}%{})@{}%{}
("OK"@{}%{}, 344@{}%{})@{}%{}
("OK"@{}%{}, 343@{}%{})@{}%{}
("OK"@{}%{}, 342@{}%{})@{}%{}
("OK"@{}%{}, 341@{}%{})@{}%{}
("OK"@{}%{}, 340@{}%{})@{}%{}
("OK"@{}%{}, 339@{}%{})@{}%{}
("OK"@{}%{}, 338@{}%{})@{}%{}
("OK"@{}%{}, 337@{}%{})@{}%{}
("OK"@{}%{}, 336@{}%{})@{}%{}
("OK"@{}%{}, 334@{}%{})@{}%{}
("OK"@{}%{}, 335@{}%{})@{}%{}
("OK"@{}%{}, 333@{}%{})@{}%{}
("OK"@{}%{}, 332@{}%{})@{}%{}
("OK"@{}%{}, 331@{}%{})@{}%{}
("OK"@{}%{}, 330@{}%{})@{}%{}
("OK"@{}%{}, 329@{}%{})@{}%{}
("OK"@{}%{}, 328@{}%{})@{}%{}
("OK"@{}%{}, 327@{}%{})@{}%{}
("OK"@{}%{}, 326@{}%{})@{}%{}
("OK"@{}%{}, 325@{}%{})@{}%{}
("OK"@{}%{}, 324@{}%{})@{}%{}
("OK"@{}%{}, 323@{}%{})@{}%{}
("OK"@{}%{}, 322@{}%{})@{}%{}
("OK"@{}%{}, 321@{}%{})@{}%{}
("OK"@{}%{}, 320@{}%{})@{}%{}
("OK"@{}%{}, 319@{}%{})@{}%{}
("OK"@{}%{}, 318@{}%{})@{}%{}
("OK"@{}%{}, 316@{}%{})@{}%{}
("OK"@{}%{}, 317@{}%{})@{}%{}
("OK"@{}%{}, 315@{}%{})@{}%{}
("OK"@{}%{}, 314@{}%{})@{}%{}
("OK"@{}%{}, 313@{}%{})@{}%{}
("OK"@{}%{}, 312@{}%{})@{}%{}
("OK"@{}%{}, 311@{}%{})@{}%{}
("OK"@{}%{}, 310@{}%{})@{}%{}
("OK"@{}%{}, 309@{}%{})@{}%{}
("OK"@{}%{}, 308@{}%{})@{}%{}
("OK"@{}%{}, 307@{}%{})@{}%{}
("OK"@{}%{}, 305@{}%{})@{}%{}
("OK"@{}%{}, 306@{}%{})@{}%{}
("OK"@{}%{}, 304@{}%{})@{}%{}
("OK"@{}%{}, 303@{}%{})@{}%{}
("OK"@{}%{}, 302@{}%{})@{}%{}
("OK"@{}%{}, 301@{}%{})@{}%{}
("OK"@{}%{}, 299@{}%{})@{}%{}
("OK"@{}%{}, 300@{}%{})@{}%{}
("OK"@{}%{}, 298@{}%{})@{}%{}
("OK"@{}%{}, 297@{}%{})@{}%{}
("OK"@{}%{}, 296@{}%{})@{}%{}
("OK"@{}%{}, 295@{}%{})@{}%{}
("OK"@{}%{}, 294@{}%{})@{}%{}
("OK"@{}%{}, 293@{}%{})@{}%{}
("OK"@{}%{}, 292@{}%{})@{}%{}
("OK"@{}%{}, 291@{}%{})@{}%{}
("OK"@{}%{}, 290@{}%{})@{}%{}
("OK"@{}%{}, 288@{}%{})@{}%{}
("OK"@{}%{}, 289@{}%{})@{}%{}
("OK"@{}%{}, 287@{}%{})@{}%{}
("OK"@{}%{}, 286@{}%{})@{}%{}
("OK"@{}%{}, 285@{}%{})@{}%{}
("OK"@{}%{}, 284@{}%{})@{}%{}
("OK"@{}%{}, 283@{}%{})@{}%{}
("OK"@{}%{}, 282@{}%{})@{}%{}
("OK"@{}%{}, 281@{}%{})@{}%{}
("OK"@{}%{}, 280@{}%{})@{}%{}
("OK"@{}%{}, 279@{}%{})@{}%{}
("OK"@{}%{}, 278@{}%{})@{}%{}
("OK"@{}%{}, 277@{}%{})@{}%{}
("OK"@{}%{}, 276@{}%{})@{}%{}
("OK"@{}%{}, 275@{}%{})@{}%{}
("OK"@{}%{}, 274@{}%{})@{}%{}
("OK"@{}%{}, 273@{}%{})@{}%{}
("OK"@{}%{}, 272@{}%{})@{}%{}
("OK"@{}%{}, 270@{}%{})@{}%{}
("OK"@{}%{}, 271@{}%{})@{}%{}
("OK"@{}%{}, 269@{}%{})@{}%{}
("OK"@{}%{}, 268@{}%{})@{}%{}
("OK"@{}%{}, 267@{}%{})@{}%{}
("OK"@{}%{}, 266@{}%{})@{}%{}
("OK"@{}%{}, 265@{}%{})@{}%{}
("OK"@{}%{}, 264@{}%{})@{}%{}
("OK"@{}%{}, 263@{}%{})@{}%{}
("OK"@{}%{}, 262@{}%{})@{}%{}
("OK"@{}%{}, 261@{}%{})@{}%{}
("OK"@{}%{}, 259@{}%{})@{}%{}
("OK"@{}%{}, 260@{}%{})@{}%{}
("OK"@{}%{}, 258@{}%{})@{}%{}
("OK"@{}%{}, 257@{}%{})@{}%{}
("OK"@{}%{}, 256@{}%{})@{}%{}
("OK"@{}%{}, 255@{}%{})@{}%{}
("OK"@{}%{}, 253@{}%{})@{}%{}
("OK"@{}%{}, 254@{}%{})@{}%{}
("OK"@{}%{}, 252@{}%{})@{}%{}
("OK"@{}%{}, 251@{}%{})@{}%{}
("OK"@{}%{}, 250@{}%{})@{}%{}
("OK"@{}%{}, 249@{}%{})@{}%{}
("OK"@{}%{}, 248@{}%{})@{}%{}
("OK"@{}%{}, 247@{}%{})@{}%{}
("OK"@{}%{}, 246@{}%{})@{}%{}
("OK"@{}%{}, 245@{}%{})@{}%{}
("OK"@{}%{}, 244@{}%{})@{}%{}
("OK"@{}%{}, 242@{}%{})@{}%{}
("OK"@{}%{}, 243@{}%{})@{}%{}
("OK"@{}%{}, 241@{}%{})@{}%{}
("OK"@{}%{}, 240@{}%{})@{}%{}
("OK"@{}%{}, 239@{}%{})@{}%{}
("OK"@{}%{}, 238@{}%{})@{}%{}
("OK"@{}%{}, 237@{}%{})@{}%{}
("OK"@{}%{}, 236@{}%{})@{}%{}
("OK"@{}%{}, 235@{}%{})@{}%{}
("OK"@{}%{}, 234@{}%{})@{}%{}
("OK"@{}%{}, 233@{}%{})@{}%{}
("OK"@{}%{}, 232@{}%{})@{}%{}
("OK"@{}%{}, 231@{}%{})@{}%{}
("OK"@{}%{}, 230@{}%{})@{}%{}
("OK"@{}%{}, 229@{}%{})@{}%{}
("OK"@{}%{}, 228@{}%{})@{}%{}
("OK"@{}%{}, 227@{}%{})@{}%{}
("OK"@{}%{}, 226@{}%{})@{}%{}
("OK"@{}%{}, 224@{}%{})@{}%{}
("OK"@{}%{}, 225@{}%{})@{}%{}
("OK"@{}%{}, 223@{}%{})@{}%{}
("OK"@{}%{}, 222@{}%{})@{}%{}
("OK"@{}%{}, 221@{}%{})@{}%{}
("OK"@{}%{}, 220@{}%{})@{}%{}
("OK"@{}%{}, 219@{}%{})@{}%{}
("OK"@{}%{}, 218@{}%{})@{}%{}
("OK"@{}%{}, 217@{}%{})@{}%{}
("OK"@{}%{}, 216@{}%{})@{}%{}
("OK"@{}%{}, 215@{}%{})@{}%{}
("OK"@{}%{}, 213@{}%{})@{}%{}
("OK"@{}%{}, 214@{}%{})@{}%{}
("OK"@{}%{}, 212@{}%{})@{}%{}
("OK"@{}%{}, 211@{}%{})@{}%{}
("OK"@{}%{}, 210@{}%{})@{}%{}
("OK"@{}%{}, 209@{}%{})@{}%{}
("OK"@{}%{}, 207@{}%{})@{}%{}
("OK"@{}%{}, 208@{}%{})@{}%{}
("OK"@{}%{}, 206@{}%{})@{}%{}
("OK"@{}%{}, 205@{}%{})@{}%{}
("OK"@{}%{}, 204@{}%{})@{}%{}
("OK"@{}%{}, 203@{}%{})@{}%{}
("OK"@{}%{}, 202@{}%{})@{}%{}
("OK"@{}%{}, 201@{}%{})@{}%{}
("OK"@{}%{}, 200@{}%{})@{}%{}
("OK"@{}%{}, 199@{}%{})@{}%{}
("OK"@{}%{}, 198@{}%{})@{}%{}
("OK"@{}%{}, 196@{}%{})@{}%{}
("OK"@{}%{}, 197@{}%{})@{}%{}
("OK"@{}%{}, 195@{}%{})@{}%{}
("OK"@{}%{}, 194@{}%{})@{}%{}
("OK"@{}%{}, 193@{}%{})@{}%{}
("OK"@{}%{}, 192@{}%{})@{}%{}
("OK"@{}%{}, 191@{}%{})@{}%{}
("OK"@{}%{}, 190@{}%{})@{}%{}
("OK"@{}%{}, 189@{}%{})@{}%{}
("OK"@{}%{}, 188@{}%{})@{}%{}
("OK"@{}%{}, 187@{}%{})@{}%{}
("OK"@{}%{}, 186@{}%{})@{}%{}
("OK"@{}%{}, 185@{}%{})@{}%{}
("OK"@{}%{}, 184@{}%{})@{}%{}
("OK"@{}%{}, 183@{}%{})@{}%{}
("OK"@{}%{}, 182@{}%{})@{}%{}
("OK"@{}%{}, 181@{}%{})@{}%{}
("OK"@{}%{}, 180@{}%{})@{}%{}
("OK"@{}%{}, 178@{}%{})@{}%{}
("OK"@{}%{}, 179@{}%{})@{}%{}
("OK"@{}%{}, 177@{}%{})@{}%{}
("OK"@{}%{}, 176@{}%{})@{}%{}
("OK"@{}%{}, 175@{}%{})@{}%{}
("OK"@{}%{}, 174@{}%{})@{}%{}
("OK"@{}%{}, 173@{}%{})@{}%{}
("OK"@{}%{}, 172@{}%{})@{}%{}
("OK"@{}%{}, 171@{}%{})@{}%{}
("OK"@{}%{}, 170@{}%{})@{}%{}
("OK"@{}%{}, 169@{}%{})@{}%{}
("OK"@{}%{}, 167@{}%{})@{}%{}
("OK"@{}%{}, 168@{}%{})@{}%{}
("OK"@{}%{}, 166@{}%{})@{}%{}
("OK"@{}%{}, 165@{}%{})@{}%{}
("OK"@{}%{}, 164@{}%{})@{}%{}
("OK"@{}%{}, 163@{}%{})@{}%{}
("OK"@{}%{}, 161@{}%{})@{}%{}
("OK"@{}%{}, 162@{}%{})@{}%{}
("OK"@{}%{}, 160@{}%{})@{}%{}
("OK"@{}%{}, 159@{}%{})@{}%{}
("OK"@{}%{}, 158@{}%{})@{}%{}
("OK"@{}%{}, 157@{}%{})@{}%{}
("OK"@{}%{}, 156@{}%{})@{}%{}
("OK"@{}%{}, 155@{}%{})@{}%{}
("OK"@{}%{}, 154@{}%{})@{}%{}
("OK"@{}%{}, 153@{}%{})@{}%{}
("OK"@{}%{}, 152@{}%{})@{}%{}
("OK"@{}%{}, 150@{}%{})@{}%{}
("OK"@{}%{}, 151@{}%{})@{}%{}
("OK"@{}%{}, 149@{}%{})@{}%{}
("OK"@{}%{}, 148@{}%{})@{}%{}
("OK"@{}%{}, 147@{}%{})@{}%{}
("OK"@{}%{}, 146@{}%{})@{}%{}
("OK"@{}%{}, 145@{}%{})@{}%{}
("OK"@{}%{}, 144@{}%{})@{}%{}
("OK"@{}%{}, 143@{}%{})@{}%{}
("OK"@{}%{}, 142@{}%{})@{}%{}
("OK"@{}%{}, 141@{}%{})@{}%{}
("OK"@{}%{}, 140@{}%{})@{}%{}
("OK"@{}%{}, 139@{}%{})@{}%{}
("OK"@{}%{}, 138@{}%{})@{}%{}
("OK"@{}%{}, 137@{}%{})@{}%{}
("OK"@{}%{}, 136@{}%{})@{}%{}
("OK"@{}%{}, 135@{}%{})@{}%{}
("OK"@{}%{}, 134@{}%{})@{}%{}
("OK"@{}%{}, 132@{}%{})@{}%{}
("OK"@{}%{}, 133@{}%{})@{}%{}
("OK"@{}%{}, 131@{}%{})@{}%{}
("OK"@{}%{}, 130@{}%{})@{}%{}
("OK"@{}%{}, 129@{}%{})@{}%{}
("OK"@{}%{}, 128@{}%{})@{}%{}
("OK"@{}%{}, 127@{}%{})@{}%{}
("OK"@{}%{}, 126@{}%{})@{}%{}
("OK"@{}%{}, 125@{}%{})@{}%{}
("OK"@{}%{}, 124@{}%{})@{}%{}
("OK"@{}%{}, 123@{}%{})@{}%{}
("OK"@{}%{}, 121@{}%{})@{}%{}
("OK"@{}%{}, 122@{}%{})@{}%{}
("OK"@{}%{}, 120@{}%{})@{}%{}
("OK"@{}%{}, 119@{}%{})@{}%{}
("OK"@{}%{}, 118@{}%{})@{}%{}
("OK"@{}%{}, 117@{}%{})@{}%{}
("OK"@{}%{}, 115@{}%{})@{}%{}
("OK"@{}%{}, 116@{}%{})@{}%{}
("OK"@{}%{}, 114@{}%{})@{}%{}
("OK"@{}%{}, 113@{}%{})@{}%{}
("OK"@{}%{}, 112@{}%{})@{}%{}
("OK"@{}%{}, 111@{}%{})@{}%{}
("OK"@{}%{}, 110@{}%{})@{}%{}
("OK"@{}%{}, 109@{}%{})@{}%{}
("OK"@{}%{}, 108@{}%{})@{}%{}
("OK"@{}%{}, 107@{}%{})@{}%{}
("OK"@{}%{}, 106@{}%{})@{}%{}
("OK"@{}%{}, 104@{}%{})@{}%{}
("OK"@{}%{}, 105@{}%{})@{}%{}
("OK"@{}%{}, 103@{}%{})@{}%{}
("OK"@{}%{}, 102@{}%{})@{}%{}
("OK"@{}%{}, 101@{}%{})@{}%{}
("OK"@{}%{}, 100@{}%{})@{}%{}
("OK"@{}%{}, 99@{}%{})@{}%{}
("OK"@{}%{}, 98@{}%{})@{}%{}
("OK"@{}%{}, 97@{}%{})@{}%{}
("OK"@{}%{}, 96@{}%{})@{}%{}
("OK"@{}%{}, 95@{}%{})@{}%{}
("OK"@{}%{}, 94@{}%{})@{}%{}
("OK"@{}%{}, 93@{}%{})@{}%{}
("OK"@{}%{}, 92@{}%{})@{}%{}
("OK"@{}%{}, 91@{}%{})@{}%{}
("OK"@{}%{}, 90@{}%{})@{}%{}
("OK"@{}%{}, 89@{}%{})@{}%{}
("OK"@{}%{}, 88@{}%{})@{}%{}
("OK"@{}%{}, 86@{}%{})@{}%{}
("OK"@{}%{}, 87@{}%{})@{}%{}
("OK"@{}%{}, 85@{}%{})@{}%{}
("OK"@{}%{}, 84@{}%{})@{}%{}
("OK"@{}%{}, 83@{}%{})@{}%{}
("OK"@{}%{}, 82@{}%{})@{}%{}
("OK"@{}%{}, 81@{}%{})@{}%{}
("OK"@{}%{}, 80@{}%{})@{}%{}
("OK"@{}%{}, 79@{}%{})@{}%{}
("OK"@{}%{}, 78@{}%{})@{}%{}
("OK"@{}%{}, 77@{}%{})@{}%{}
("OK"@{}%{}, 75@{}%{})@{}%{}
("OK"@{}%{}, 76@{}%{})@{}%{}
("OK"@{}%{}, 74@{}%{})@{}%{}
("OK"@{}%{}, 73@{}%{})@{}%{}
("OK"@{}%{}, 72@{}%{})@{}%{}
("OK"@{}%{}, 71@{}%{})@{}%{}
("OK"@{}%{}, 69@{}%{})@{}%{}
("OK"@{}%{}, 70@{}%{})@{}%{}
("OK"@{}%{}, 68@{}%{})@{}%{}
("OK"@{}%{}, 67@{}%{})@{}%{}
("OK"@{}%{}, 66@{}%{})@{}%{}
("OK"@{}%{}, 65@{}%{})@{}%{}
("OK"@{}%{}, 64@{}%{})@{}%{}
("OK"@{}%{}, 63@{}%{})@{}%{}
("OK"@{}%{}, 62@{}%{})@{}%{}
("OK"@{}%{}, 61@{}%{})@{}%{}
("OK"@{}%{}, 60@{}%{})@{}%{}
("OK"@{}%{}, 58@{}%{})@{}%{}
("OK"@{}%{}, 59@{}%{})@{}%{}
("OK"@{}%{}, 57@{}%{})@{}%{}
("OK"@{}%{}, 56@{}%{})@{}%{}
("OK"@{}%{}, 55@{}%{})@{}%{}
("OK"@{}%{}, 54@{}%{})@{}%{}
("OK"@{}%{}, 53@{}%{})@{}%{}
("OK"@{}%{}, 52@{}%{})@{}%{}
("OK"@{}%{}, 51@{}%{})@{}%{}
("OK"@{}%{}, 50@{}%{})@{}%{}
("OK"@{}%{}, 49@{}%{})@{}%{}
("OK"@{}%{}, 48@{}%{})@{}%{}
("OK"@{}%{}, 47@{}%{})@{}%{}
("OK"@{}%{}, 46@{}%{})@{}%{}
("OK"@{}%{}, 45@{}%{})@{}%{}
("OK"@{}%{}, 44@{}%{})@{}%{}
("OK"@{}%{}, 43@{}%{})@{}%{}
("OK"@{}%{}, 42@{}%{})@{}%{}
("OK"@{}%{}, 40@{}%{})@{}%{}
("OK"@{}%{}, 41@{}%{})@{}%{}
("OK"@{}%{}, 39@{}%{})@{}%{}
("OK"@{}%{}, 38@{}%{})@{}%{}
("OK"@{}%{}, 37@{}%{})@{}%{}
("OK"@{}%{}, 36@{}%{})@{}%{}
("OK"@{}%{}, 35@{}%{})@{}%{}
("OK"@{}%{}, 34@{}%{})@{}%{}
("OK"@{}%{}, 33@{}%{})@{}%{}
("OK"@{}%{}, 32@{}%{})@{}%{}
("OK"@{}%{}, 31@{}%{})@{}%{}
("OK"@{}%{}, 29@{}%{})@{}%{}
("OK"@{}%{}, 30@{}%{})@{}%{}
("OK"@{}%{}, 28@{}%{})@{}%{}
("OK"@{}%{}, 27@{}%{})@{}%{}
("OK"@{}%{}, 26@{}%{})@{}%{}
("OK"@{}%{}, 25@{}%{})@{}%{}
("OK"@{}%{}, 23@{}%{})@{}%{}
("OK"@{}%{}, 24@{}%{})@{}%{}
("OK"@{}%{}, 22@{}%{})@{}%{}
("OK"@{}%{}, 21@{}%{})@{}%{}
("OK"@{}%{}, 20@{}%{})@{}%{}
("OK"@{}%{}, 19@{}%{})@{}%{}
("OK"@{}%{}, 18@{}%{})@{}%{}
("OK"@{}%{}, 17@{}%{})@{}%{}
("OK"@{}%{}, 16@{}%{})@{}%{}
("OK"@{}%{}, 15@{}%{})@{}%{}
("OK"@{}%{}, 14@{}%{})@{}%{}
("OK"@{}%{}, 12@{}%{})@{}%{}
("OK"@{}%{}, 13@{}%{})@{}%{}
("OK"@{}%{}, 11@{}%{})@{}%{}
("OK"@{}%{}, 10@{}%{})@{}%{}
("OK"@{}%{}, 9@{}%{})@{}%{}
("OK"@{}%{}, 8@{}%{})@{}%{}
("OK"@{}%{}, 7@{}%{})@{}%{}
("OK"@{}%{}, 6@{}%{})@{}%{}
("OK"@{}%{}, 5@{}%{})@{}%{}
("OK"@{}%{}, 4@{}%{})@{}%{}
("OK"@{}%{}, 3@{}%{})@{}%{}
("OK"@{}%{}, 2@{}%{})@{}%{}
("OK"@{}%{}, 1@{}%{})@{}%{}
