2019-05-07T18:14:08.168Z [RTM] [32minfo[39m: Skipping network creation. Observe that all external IO operations will yield a runtime error.
1e4f2230-2ca0-46a0-9a06-e2a9e24e04c9@{}%{}
111@{}%{}
111@{}%{}
111@{}%{}
111@{}%{}
111@{}%{}
>>> Main thread finished with value: 111@{}%{}
222@{}%{}
222@{}%{}
222@{}%{}
222@{}%{}
222@{}%{}
333@{}%{}
333@{}%{}
333@{}%{}
