2020-06-01T21:09:40.587Z [RTM] [32minfo[39m: Skipping network creation. Observe that all external IO operations will yield a runtime error.
213109f7-980c-4c03-9879-aadac6e978bf@{}%{}
111@{}%{}
111@{}%{}
111@{}%{}
111@{}%{}
111@{}%{}
>>> Main thread finished with value: 111@{}%{}
222@{}%{}
222@{}%{}
222@{}%{}
222@{}%{}
222@{}%{}
333@{}%{}
333@{}%{}
333@{}%{}
