2021-07-29T15:13:40.687Z [RTM] [32minfo[39m: Skipping network creation. Observe that all external IO operations will yield a runtime error.
>>> Main thread finished with value: ("h"@{}%{}, "12"@{}%{}, "Hello, World"@{alice,bob}%{}, "lo"@{alice,bob,charlie,dorothy}%{alice,bob,charlie,dorothy})@{}%{}
