2024-02-14T11:33:50.114Z [RTM] [32minfo[39m: Skipping network creation. Observe that all external IO operations will yield a runtime error.
Runtime error in thread b490728b-03f4-4cbb-af4e-349efbca03d4@{}%{}
>> Index out of bounds: tuple (1@{}%{}, 2@{}%{}, 3@{}%{}) does not have length more than 2147483647
