2026-07-07T11:47:01.401Z [RTM] [32minfo[39m: Skipping network creation. Observe that all external IO operations will yield a runtime error.
PID:a07597e2-c6ce-4c7a-ba66-fb1ee654c3b9@{}%{}     PC:{}                BL:{}                HNNORMAL             
Runtime error in thread a07597e2-c6ce-4c7a-ba66-fb1ee654c3b9@{}%{}

  21 | in adv 100
     |    ^

>> Illegal flow in adv function:
 |    pc: {}
 | block: <alice;#root-integrity>
 | value: 100@{}%{}
>> at tests/rt/neg/ifc/projection-progress/proj-tuple-blockdecl.trp:21:4
